#
# There is insufficient memory for the Java Runtime Environment to continue.
# Native memory allocation (malloc) failed to allocate 185216 bytes. Error detail: Chunk::new
# Possible reasons:
#   The system is out of physical RAM or swap space
#   This process is running with CompressedOops enabled, and the Java Heap may be blocking the growth of the native heap
# Possible solutions:
#   Reduce memory load on the system
#   Increase physical memory or swap space
#   Check if swap backing store is full
#   Decrease Java heap size (-Xmx/-Xms)
#   Decrease number of Java threads
#   Decrease Java thread stack sizes (-Xss)
#   Set larger code cache with -XX:ReservedCodeCacheSize=
#   JVM is running with Unscaled Compressed Oops mode in which the Java heap is
#     placed in the first 4GB address space. The Java Heap base address is the
#     maximum limit for the native heap growth. Please use -XX:HeapBaseMinAddress
#     to set the Java Heap base and to place the Java Heap above 4GB virtual address.
# This output file may be truncated or incomplete.
#
#  Out of Memory Error (arena.cpp:168), pid=3348, tid=2372
#
# JRE version: OpenJDK Runtime Environment Temurin-21.0.12.1+1 (21.0.12.1+1) (build 21.0.12.1+1-LTS)
# Java VM: OpenJDK 64-Bit Server VM Temurin-21.0.12.1+1 (21.0.12.1+1-LTS, mixed mode, sharing, tiered, compressed oops, compressed class ptrs, parallel gc, windows-amd64)
# No core dump will be written. Minidumps are not enabled by default on client versions of Windows
#

---------------  S U M M A R Y ------------

Command Line: --add-modules=ALL-SYSTEM --add-opens=java.base/java.util=ALL-UNNAMED --add-opens=java.base/java.lang=ALL-UNNAMED --add-opens=java.base/sun.nio.fs=ALL-UNNAMED -Declipse.application=org.eclipse.jdt.ls.core.id1 -Dosgi.bundles.defaultStartLevel=4 -Declipse.product=org.eclipse.jdt.ls.core.product -Djava.import.generatesMetadataFilesAtProjectRoot=false -Dm2e.project.cache.size=50 -DDetectVMInstallationsJob.disabled=true -Dfile.encoding=utf8 -XX:+UseParallelGC -XX:GCTimeRatio=4 -XX:AdaptiveSizePolicyWeight=90 -Dsun.zip.disableMemoryMapping=true -Xmx2G -Xms100m -Xlog:disable -javaagent:c:\Users\ACER\.vscode\extensions\redhat.java-1.56.0-win32-x64\lombok\lombok-1.18.39-4050.jar -XX:+HeapDumpOnOutOfMemoryError -XX:HeapDumpPath=c:\Users\ACER\AppData\Roaming\Code\User\workspaceStorage\ce63b1d7b09725d05b5ff70fb3df8885\redhat.java -Daether.dependencyCollector.impl=bf c:\Users\ACER\.vscode\extensions\redhat.java-1.56.0-win32-x64\server\plugins\org.eclipse.equinox.launcher_1.8.0.v20260804-1928.jar -configuration c:\Users\ACER\AppData\Roaming\Code\User\globalStorage\redhat.java\1.56.0\config_win -data c:\Users\ACER\AppData\Roaming\Code\User\workspaceStorage\ce63b1d7b09725d05b5ff70fb3df8885\redhat.java\jdt_ws --stdio

Host: AMD Ryzen 3 3250U with Radeon Graphics         , 4 cores, 5G,  Windows 11 , 64 bit Build 26100 (10.0.26100.8737)
Time: Wed Sep  9 23:22:19 2026 Greenwich elapsed time: 3.262544 seconds (0d 0h 0m 3s)

---------------  T H R E A D  ---------------

Current thread (0x0000015ad8988b40):  JavaThread "C2 CompilerThread1" daemon [_thread_in_native, id=2372, stack(0x0000003026700000,0x0000003026800000) (1024K)]


Current CompileTask:
C2:3262 1681       4       lombok.patcher.scripts.AddFieldScript::patch (55 bytes)

Stack: [0x0000003026700000,0x0000003026800000]
Native frames: (J=compiled Java code, j=interpreted, Vv=VM code, C=native code)
V  [jvm.dll+0x6d83e9]
V  [jvm.dll+0x8b5736]
V  [jvm.dll+0x8b7cee]
V  [jvm.dll+0x8b83d3]
V  [jvm.dll+0x284596]
V  [jvm.dll+0xc685d]
V  [jvm.dll+0xc6da1]
V  [jvm.dll+0x2fb5ae]
V  [jvm.dll+0x5fee94]
V  [jvm.dll+0x255d67]
V  [jvm.dll+0x24e2ca]
V  [jvm.dll+0x24bbe6]
V  [jvm.dll+0x1cb4ae]
V  [jvm.dll+0x25baad]
V  [jvm.dll+0x25a03a]
V  [jvm.dll+0x3f8aae]
V  [jvm.dll+0x8600cd]
V  [jvm.dll+0x6d6c1d]
C  [ucrtbase.dll+0x2cd30]
C  [KERNEL32.DLL+0x2e957]
C  [ntdll.dll+0xaad6c]


---------------  P R O C E S S  ---------------

Threads class SMR info:
_java_thread_list=0x0000015ad8cd53c0, length=13, elements={
0x0000015afbd5c330, 0x0000015a9627a390, 0x0000015a9627c4b0, 0x0000015a9627f010,
0x0000015a9627fc70, 0x0000015a96288060, 0x0000015a9628be20, 0x0000015a96290900,
0x0000015a962aeb10, 0x0000015ad828f6f0, 0x0000015ad83c1a90, 0x0000015ad8988b40,
0x0000015add0cda80
}

Java Threads: ( => current thread )
  0x0000015afbd5c330 JavaThread "main"                              [_thread_in_vm, id=13004, stack(0x0000003025900000,0x0000003025a00000) (1024K)]
  0x0000015a9627a390 JavaThread "Reference Handler"          daemon [_thread_blocked, id=15144, stack(0x0000003025d00000,0x0000003025e00000) (1024K)]
  0x0000015a9627c4b0 JavaThread "Finalizer"                  daemon [_thread_blocked, id=12708, stack(0x0000003025e00000,0x0000003025f00000) (1024K)]
  0x0000015a9627f010 JavaThread "Signal Dispatcher"          daemon [_thread_blocked, id=7176, stack(0x0000003025f00000,0x0000003026000000) (1024K)]
  0x0000015a9627fc70 JavaThread "Attach Listener"            daemon [_thread_blocked, id=3468, stack(0x0000003026000000,0x0000003026100000) (1024K)]
  0x0000015a96288060 JavaThread "Service Thread"             daemon [_thread_blocked, id=10112, stack(0x0000003026100000,0x0000003026200000) (1024K)]
  0x0000015a9628be20 JavaThread "Monitor Deflation Thread"   daemon [_thread_blocked, id=15976, stack(0x0000003026200000,0x0000003026300000) (1024K)]
  0x0000015a96290900 JavaThread "C2 CompilerThread0"         daemon [_thread_blocked, id=16292, stack(0x0000003026300000,0x0000003026400000) (1024K)]
  0x0000015a962aeb10 JavaThread "C1 CompilerThread0"         daemon [_thread_blocked, id=15540, stack(0x0000003026400000,0x0000003026500000) (1024K)]
  0x0000015ad828f6f0 JavaThread "Common-Cleaner"             daemon [_thread_blocked, id=3592, stack(0x0000003026500000,0x0000003026600000) (1024K)]
  0x0000015ad83c1a90 JavaThread "Notification Thread"        daemon [_thread_blocked, id=13896, stack(0x0000003026600000,0x0000003026700000) (1024K)]
=>0x0000015ad8988b40 JavaThread "C2 CompilerThread1"         daemon [_thread_in_native, id=2372, stack(0x0000003026700000,0x0000003026800000) (1024K)]
  0x0000015add0cda80 JavaThread "Active Thread: Equinox Container: 77b6eb5e-523b-467a-8d82-cfa706911793"        [_thread_blocked, id=14256, stack(0x0000003026b00000,0x0000003026c00000) (1024K)]
Total: 13

Other Threads:
  0x0000015afbe1c280 VMThread "VM Thread"                           [id=13644, stack(0x0000003025c00000,0x0000003025d00000) (1024K)]
  0x0000015a9621ca00 WatcherThread "VM Periodic Task Thread"        [id=13628, stack(0x0000003025b00000,0x0000003025c00000) (1024K)]
  0x0000015afbd7a2b0 WorkerThread "GC Thread#0"                     [id=15936, stack(0x0000003025a00000,0x0000003025b00000) (1024K)]
  0x0000015ad87cffd0 WorkerThread "GC Thread#1"                     [id=15216, stack(0x0000003026800000,0x0000003026900000) (1024K)]
  0x0000015ad877f5a0 WorkerThread "GC Thread#2"                     [id=12880, stack(0x0000003026900000,0x0000003026a00000) (1024K)]
  0x0000015ad8998d00 WorkerThread "GC Thread#3"                     [id=11616, stack(0x0000003026a00000,0x0000003026b00000) (1024K)]
Total: 6

Threads with active compile tasks:
C2 CompilerThread1  3308 1681       4       lombok.patcher.scripts.AddFieldScript::patch (55 bytes)
Total: 1

VM state: not at safepoint (normal execution)

VM Mutex/Monitor currently owned by a thread:  ([mutex/lock_event])
[0x00007ffa6af2f4b0] CodeCache_lock - owner thread: 0x0000000000000000

Heap address: 0x0000000080000000, size: 2048 MB, Compressed Oops mode: 32-bit

CDS archive(s) mapped at: [0x0000015a97000000-0x0000015a97ba0000-0x0000015a97ba0000), size 12189696, SharedBaseAddress: 0x0000015a97000000, ArchiveRelocationMode: 1.
Compressed class space mapped at: 0x0000015a98000000-0x0000015ad8000000, reserved size: 1073741824
Narrow klass base: 0x0000015a97000000, Narrow klass shift: 0, Narrow klass range: 0x100000000

GC Precious Log:
 CardTable entry size: 512
 CPUs: 4 total, 4 available
 Memory: 6081M
 Large Page Support: Disabled
 NUMA Support: Disabled
 Compressed Oops: Enabled (32-bit)
 Alignments: Space 512K, Generation 512K, Heap 2M
 Heap Min Capacity: 100M
 Heap Initial Capacity: 100M
 Heap Max Capacity: 2G
 Pre-touch: Disabled
 Parallel Workers: 4

Heap:
 PSYoungGen      total 29696K, used 24990K [0x00000000d5580000, 0x00000000d7680000, 0x0000000100000000)
  eden space 25600K, 84% used [0x00000000d5580000,0x00000000d6ab5d18,0x00000000d6e80000)
  from space 4096K, 79% used [0x00000000d6e80000,0x00000000d71b1e98,0x00000000d7280000)
  to   space 4096K, 0% used [0x00000000d7280000,0x00000000d7280000,0x00000000d7680000)
 ParOldGen       total 68608K, used 0K [0x0000000080000000, 0x0000000084300000, 0x00000000d5580000)
  object space 68608K, 0% used [0x0000000080000000,0x0000000080000000,0x0000000084300000)
 Metaspace       used 7543K, committed 7872K, reserved 1114112K
  class space    used 780K, committed 896K, reserved 1048576K

Card table byte_map: [0x0000015afd720000,0x0000015afdb30000] _byte_map_base: 0x0000015afd320000

Marking Bits: (ParMarkBitMap*) 0x00007ffa6af344a0
 Begin Bits: [0x0000015a92140000, 0x0000015a94140000)
 End Bits:   [0x0000015a94140000, 0x0000015a96140000)

Polling page: 0x0000015afd510000

Metaspace:

Usage:
  Non-class:      6.60 MB used.
      Class:    780.25 KB used.
       Both:      7.37 MB used.

Virtual space:
  Non-class space:       64.00 MB reserved,       6.81 MB ( 11%) committed,  1 nodes.
      Class space:        1.00 GB reserved,     896.00 KB ( <1%) committed,  1 nodes.
             Both:        1.06 GB reserved,       7.69 MB ( <1%) committed. 

Chunk freelists:
   Non-Class:  9.11 MB
       Class:  14.95 MB
        Both:  24.06 MB

MaxMetaspaceSize: unlimited
CompressedClassSpaceSize: 1.00 GB
Initial GC threshold: 21.00 MB
Current GC threshold: 21.00 MB
CDS: on
 - commit_granule_bytes: 65536.
 - commit_granule_words: 8192.
 - virtual_space_node_default_size: 8388608.
 - enlarge_chunks_in_place: 1.
 - use_allocation_guard: 0.


Internal statistics:

num_allocs_failed_limit: 0.
num_arena_births: 224.
num_arena_deaths: 0.
num_vsnodes_births: 2.
num_vsnodes_deaths: 0.
num_space_committed: 123.
num_space_uncommitted: 0.
num_chunks_returned_to_freelist: 0.
num_chunks_taken_from_freelist: 395.
num_chunk_merges: 0.
num_chunk_splits: 258.
num_chunks_enlarged: 168.
num_inconsistent_stats: 0.

CodeHeap 'non-profiled nmethods': size=120000Kb used=743Kb max_used=743Kb free=119256Kb
 bounds [0x0000015a8ac10000, 0x0000015a8ae80000, 0x0000015a92140000]
CodeHeap 'profiled nmethods': size=120000Kb used=3012Kb max_used=3012Kb free=116987Kb
 bounds [0x0000015a83140000, 0x0000015a83440000, 0x0000015a8a670000]
CodeHeap 'non-nmethods': size=5760Kb used=1213Kb max_used=1245Kb free=4546Kb
 bounds [0x0000015a8a670000, 0x0000015a8a8e0000, 0x0000015a8ac10000]
CodeCache: size=245760Kb, used=4968Kb, max_used=5000Kb, free=240789Kb
 total_blobs=2173, nmethods=1696, adapters=384, full_count=0
Compilation: enabled, stopped_count=0, restarted_count=0

Compilation events (20 events):
Event: 3.205 Thread 0x0000015a96290900 1671       4       jdk.internal.org.objectweb.asm.SymbolTable$Entry::<init> (17 bytes)
Event: 3.205 Thread 0x0000015a962aeb10 nmethod 1670 0x0000015a83418890 code [0x0000015a83418a80, 0x0000015a83418e68]
Event: 3.206 Thread 0x0000015a96290900 nmethod 1671 0x0000015a8acc4310 code [0x0000015a8acc44a0, 0x0000015a8acc4558]
Event: 3.211 Thread 0x0000015a96290900 1672       4       jdk.internal.org.objectweb.asm.ByteVector::putByte (39 bytes)
Event: 3.213 Thread 0x0000015a96290900 nmethod 1672 0x0000015a8acc4610 code [0x0000015a8acc47a0, 0x0000015a8acc4908]
Event: 3.225 Thread 0x0000015ad8988b40 nmethod 1624 0x0000015a8acc4d10 code [0x0000015a8acc5040, 0x0000015a8acc6168]
Event: 3.226 Thread 0x0000015a962aeb10 1674       3       sun.net.www.protocol.jar.Handler::parseURL (173 bytes)
Event: 3.227 Thread 0x0000015a962aeb10 nmethod 1674 0x0000015a83419090 code [0x0000015a83419340, 0x0000015a83419d00]
Event: 3.227 Thread 0x0000015a962aeb10 1675       3       java.net.URLStreamHandler::setURL (159 bytes)
Event: 3.231 Thread 0x0000015a962aeb10 nmethod 1675 0x0000015a8341a190 code [0x0000015a8341a520, 0x0000015a8341b988]
Event: 3.236 Thread 0x0000015a962aeb10 1676       3       java.lang.ClassLoader::postDefineClass (39 bytes)
Event: 3.236 Thread 0x0000015a962aeb10 nmethod 1676 0x0000015a8341c290 code [0x0000015a8341c480, 0x0000015a8341c7a8]
Event: 3.236 Thread 0x0000015a962aeb10 1677       3       java.lang.ClassLoader::checkCerts (121 bytes)
Event: 3.237 Thread 0x0000015a96290900 1678       4       java.lang.StringLatin1::toUpperCase (186 bytes)
Event: 3.238 Thread 0x0000015a962aeb10 nmethod 1677 0x0000015a8341c990 code [0x0000015a8341cca0, 0x0000015a8341da50]
Event: 3.241 Thread 0x0000015a962aeb10 1679       3       java.lang.ClassLoader::definePackage (85 bytes)
Event: 3.246 Thread 0x0000015a962aeb10 nmethod 1679 0x0000015a8341e010 code [0x0000015a8341e2e0, 0x0000015a8341f180]
Event: 3.250 Thread 0x0000015ad8988b40 1681       4       lombok.patcher.scripts.AddFieldScript::patch (55 bytes)
Event: 3.257 Thread 0x0000015a962aeb10 1682       3       sun.security.provider.DigestBase::engineReset (33 bytes)
Event: 3.257 Thread 0x0000015a962aeb10 nmethod 1682 0x0000015a8341f610 code [0x0000015a8341f7e0, 0x0000015a8341fa70]

GC Heap History (2 events):
Event: 1.647 GC heap before
{Heap before GC invocations=1 (full 0):
 PSYoungGen      total 29696K, used 25600K [0x00000000d5580000, 0x00000000d7680000, 0x0000000100000000)
  eden space 25600K, 100% used [0x00000000d5580000,0x00000000d6e80000,0x00000000d6e80000)
  from space 4096K, 0% used [0x00000000d7280000,0x00000000d7280000,0x00000000d7680000)
  to   space 4096K, 0% used [0x00000000d6e80000,0x00000000d6e80000,0x00000000d7280000)
 ParOldGen       total 68608K, used 0K [0x0000000080000000, 0x0000000084300000, 0x00000000d5580000)
  object space 68608K, 0% used [0x0000000080000000,0x0000000080000000,0x0000000084300000)
 Metaspace       used 4333K, committed 4544K, reserved 1114112K
  class space    used 474K, committed 576K, reserved 1048576K
}
Event: 1.673 GC heap after
{Heap after GC invocations=1 (full 0):
 PSYoungGen      total 29696K, used 3271K [0x00000000d5580000, 0x00000000d7680000, 0x0000000100000000)
  eden space 25600K, 0% used [0x00000000d5580000,0x00000000d5580000,0x00000000d6e80000)
  from space 4096K, 79% used [0x00000000d6e80000,0x00000000d71b1e98,0x00000000d7280000)
  to   space 4096K, 0% used [0x00000000d7280000,0x00000000d7280000,0x00000000d7680000)
 ParOldGen       total 68608K, used 0K [0x0000000080000000, 0x0000000084300000, 0x00000000d5580000)
  object space 68608K, 0% used [0x0000000080000000,0x0000000080000000,0x0000000084300000)
 Metaspace       used 4333K, committed 4544K, reserved 1114112K
  class space    used 474K, committed 576K, reserved 1048576K
}

Dll operation events (16 events):
Event: 0.019 Attempting to load shared library c:\Users\ACER\.vscode\extensions\redhat.java-1.56.0-win32-x64\jre\21.0.12.1-win32-x86_64\bin\java.dll
Event: 0.019 Loaded shared library c:\Users\ACER\.vscode\extensions\redhat.java-1.56.0-win32-x64\jre\21.0.12.1-win32-x86_64\bin\java.dll
Event: 0.142 Attempting to load shared library c:\Users\ACER\.vscode\extensions\redhat.java-1.56.0-win32-x64\jre\21.0.12.1-win32-x86_64\bin\zip.dll
Event: 0.143 Loaded shared library c:\Users\ACER\.vscode\extensions\redhat.java-1.56.0-win32-x64\jre\21.0.12.1-win32-x86_64\bin\zip.dll
Event: 0.179 Attempting to load shared library C:\Users\ACER\.vscode\extensions\redhat.java-1.56.0-win32-x64\jre\21.0.12.1-win32-x86_64\bin\instrument.dll
Event: 0.179 Loaded shared library C:\Users\ACER\.vscode\extensions\redhat.java-1.56.0-win32-x64\jre\21.0.12.1-win32-x86_64\bin\instrument.dll
Event: 0.186 Attempting to load shared library C:\Users\ACER\.vscode\extensions\redhat.java-1.56.0-win32-x64\jre\21.0.12.1-win32-x86_64\bin\net.dll
Event: 0.189 Loaded shared library C:\Users\ACER\.vscode\extensions\redhat.java-1.56.0-win32-x64\jre\21.0.12.1-win32-x86_64\bin\net.dll
Event: 0.192 Attempting to load shared library C:\Users\ACER\.vscode\extensions\redhat.java-1.56.0-win32-x64\jre\21.0.12.1-win32-x86_64\bin\nio.dll
Event: 0.193 Loaded shared library C:\Users\ACER\.vscode\extensions\redhat.java-1.56.0-win32-x64\jre\21.0.12.1-win32-x86_64\bin\nio.dll
Event: 0.199 Attempting to load shared library C:\Users\ACER\.vscode\extensions\redhat.java-1.56.0-win32-x64\jre\21.0.12.1-win32-x86_64\bin\zip.dll
Event: 0.199 Loaded shared library C:\Users\ACER\.vscode\extensions\redhat.java-1.56.0-win32-x64\jre\21.0.12.1-win32-x86_64\bin\zip.dll
Event: 0.232 Attempting to load shared library C:\Users\ACER\.vscode\extensions\redhat.java-1.56.0-win32-x64\jre\21.0.12.1-win32-x86_64\bin\jimage.dll
Event: 0.232 Loaded shared library C:\Users\ACER\.vscode\extensions\redhat.java-1.56.0-win32-x64\jre\21.0.12.1-win32-x86_64\bin\jimage.dll
Event: 0.394 Attempting to load shared library c:\Users\ACER\.vscode\extensions\redhat.java-1.56.0-win32-x64\jre\21.0.12.1-win32-x86_64\bin\verify.dll
Event: 0.500 Loaded shared library c:\Users\ACER\.vscode\extensions\redhat.java-1.56.0-win32-x64\jre\21.0.12.1-win32-x86_64\bin\verify.dll

Deoptimization events (20 events):
Event: 3.162 Thread 0x0000015afbd5c330 Uncommon trap: trap_request=0xffffffc6 fr.pc=0x0000015a8acb4420 relative=0x0000000000000680
Event: 3.162 Thread 0x0000015afbd5c330 Uncommon trap: reason=bimorphic_or_optimized_type_check action=maybe_recompile pc=0x0000015a8acb4420 method=java.util.Collections$UnmodifiableCollection$1.<init>(Ljava/util/Collections$UnmodifiableCollection;)V @ 17 c2
Event: 3.162 Thread 0x0000015afbd5c330 DEOPT PACKING pc=0x0000015a8acb4420 sp=0x00000030259fe5d0
Event: 3.162 Thread 0x0000015afbd5c330 DEOPT UNPACKING pc=0x0000015a8a6c3aa2 sp=0x00000030259fe518 mode 2
Event: 3.172 Thread 0x0000015afbd5c330 Uncommon trap: trap_request=0xffffffc6 fr.pc=0x0000015a8acb4420 relative=0x0000000000000680
Event: 3.172 Thread 0x0000015afbd5c330 Uncommon trap: reason=bimorphic_or_optimized_type_check action=maybe_recompile pc=0x0000015a8acb4420 method=java.util.Collections$UnmodifiableCollection$1.<init>(Ljava/util/Collections$UnmodifiableCollection;)V @ 17 c2
Event: 3.172 Thread 0x0000015afbd5c330 DEOPT PACKING pc=0x0000015a8acb4420 sp=0x00000030259fe490
Event: 3.172 Thread 0x0000015afbd5c330 DEOPT UNPACKING pc=0x0000015a8a6c3aa2 sp=0x00000030259fe3d8 mode 2
Event: 3.249 Thread 0x0000015afbd5c330 Uncommon trap: trap_request=0xffffffde fr.pc=0x0000015a8acad0e4 relative=0x0000000000000a64
Event: 3.249 Thread 0x0000015afbd5c330 Uncommon trap: reason=class_check action=maybe_recompile pc=0x0000015a8acad0e4 method=java.util.HashMap.putVal(ILjava/lang/Object;Ljava/lang/Object;ZZ)Ljava/lang/Object; @ 253 c2
Event: 3.249 Thread 0x0000015afbd5c330 DEOPT PACKING pc=0x0000015a8acad0e4 sp=0x00000030259fe330
Event: 3.249 Thread 0x0000015afbd5c330 DEOPT UNPACKING pc=0x0000015a8a6c3aa2 sp=0x00000030259fe258 mode 2
Event: 3.253 Thread 0x0000015afbd5c330 Uncommon trap: trap_request=0xffffffde fr.pc=0x0000015a8acad0e4 relative=0x0000000000000a64
Event: 3.253 Thread 0x0000015afbd5c330 Uncommon trap: reason=class_check action=maybe_recompile pc=0x0000015a8acad0e4 method=java.util.HashMap.putVal(ILjava/lang/Object;Ljava/lang/Object;ZZ)Ljava/lang/Object; @ 253 c2
Event: 3.253 Thread 0x0000015afbd5c330 DEOPT PACKING pc=0x0000015a8acad0e4 sp=0x00000030259fe330
Event: 3.254 Thread 0x0000015afbd5c330 DEOPT UNPACKING pc=0x0000015a8a6c3aa2 sp=0x00000030259fe258 mode 2
Event: 3.256 Thread 0x0000015afbd5c330 Uncommon trap: trap_request=0xffffffde fr.pc=0x0000015a8acab164 relative=0x00000000000009e4
Event: 3.256 Thread 0x0000015afbd5c330 Uncommon trap: reason=class_check action=maybe_recompile pc=0x0000015a8acab164 method=java.util.HashMap.putVal(ILjava/lang/Object;Ljava/lang/Object;ZZ)Ljava/lang/Object; @ 253 c2
Event: 3.256 Thread 0x0000015afbd5c330 DEOPT PACKING pc=0x0000015a8acab164 sp=0x00000030259fe190
Event: 3.256 Thread 0x0000015afbd5c330 DEOPT UNPACKING pc=0x0000015a8a6c3aa2 sp=0x00000030259fe150 mode 2

Classes loaded (20 events):
Event: 3.137 Loading class java/util/concurrent/Delayed
Event: 3.137 Loading class java/util/concurrent/Delayed done
Event: 3.137 Loading class java/util/concurrent/ScheduledFuture done
Event: 3.137 Loading class java/util/concurrent/RunnableScheduledFuture done
Event: 3.139 Loading class java/util/concurrent/ScheduledThreadPoolExecutor$ScheduledFutureTask
Event: 3.139 Loading class java/util/concurrent/FutureTask
Event: 3.140 Loading class java/util/concurrent/FutureTask done
Event: 3.140 Loading class java/util/concurrent/ScheduledThreadPoolExecutor$ScheduledFutureTask done
Event: 3.140 Loading class java/util/concurrent/FutureTask$WaitNode
Event: 3.140 Loading class java/util/concurrent/FutureTask$WaitNode done
Event: 3.140 Loading class java/util/concurrent/Executors$RunnableAdapter
Event: 3.140 Loading class java/util/concurrent/Executors$RunnableAdapter done
Event: 3.140 Loading class java/util/concurrent/ThreadPoolExecutor$Worker
Event: 3.141 Loading class java/util/concurrent/ThreadPoolExecutor$Worker done
Event: 3.179 Loading class java/util/ArrayList$ListItr
Event: 3.180 Loading class java/util/ArrayList$ListItr done
Event: 3.186 Loading class java/net/ContentHandlerFactory
Event: 3.186 Loading class java/net/ContentHandlerFactory done
Event: 3.251 Loading class java/util/ConcurrentModificationException
Event: 3.252 Loading class java/util/ConcurrentModificationException done

Classes unloaded (0 events):
No events

Classes redefined (0 events):
No events

Internal exceptions (20 events):
Event: 1.142 Thread 0x0000015afbd5c330 Exception <a 'java/lang/NoSuchMethodError'{0x00000000d655cae0}: 'java.lang.Object java.lang.invoke.Invokers$Holder.invokeExact_MT(java.lang.Object, java.lang.Object, java.lang.Object, java.lang.Object, java.lang.Object, java.lang.Object)'> (0x00000000d655cae0) 
thrown [s\src\hotspot\share\interpreter\linkResolver.cpp, line 773]
Event: 1.147 Thread 0x0000015afbd5c330 Exception <a 'java/lang/NoSuchMethodError'{0x00000000d6573bb8}: 'int java.lang.invoke.DirectMethodHandle$Holder.invokeStatic(java.lang.Object, java.lang.Object, java.lang.Object, java.lang.Object, java.lang.Object)'> (0x00000000d6573bb8) 
thrown [s\src\hotspot\share\interpreter\linkResolver.cpp, line 773]
Event: 1.213 Thread 0x0000015afbd5c330 Exception <a 'java/lang/NoSuchMethodError'{0x00000000d66086b8}: 'java.lang.Object java.lang.invoke.DirectMethodHandle$Holder.invokeInterface(java.lang.Object, java.lang.Object, int)'> (0x00000000d66086b8) 
thrown [s\src\hotspot\share\interpreter\linkResolver.cpp, line 773]
Event: 1.460 Thread 0x0000015afbd5c330 Exception <a 'java/lang/NoSuchMethodError'{0x00000000d6a8be18}: 'java.lang.ClassLoader java.lang.ClassLoader.getPlatformClassLoader(java.lang.Class)'> (0x00000000d6a8be18) 
thrown [s\src\hotspot\share\interpreter\linkResolver.cpp, line 773]
Event: 1.686 Thread 0x0000015afbd5c330 Exception <a 'java/lang/ClassNotFoundException'{0x00000000d55c5680}: sun/net/www/protocol/c/Handler> (0x00000000d55c5680) 
thrown [s\src\hotspot\share\classfile\systemDictionary.cpp, line 313]
Event: 1.686 Thread 0x0000015afbd5c330 Exception <a 'java/lang/ClassNotFoundException'{0x00000000d55c69d8}: sun/net/www/protocol/d/Handler> (0x00000000d55c69d8) 
thrown [s\src\hotspot\share\classfile\systemDictionary.cpp, line 313]
Event: 1.686 Thread 0x0000015afbd5c330 Exception <a 'java/lang/ClassNotFoundException'{0x00000000d55c7b50}: sun/net/www/protocol/c/Handler> (0x00000000d55c7b50) 
thrown [s\src\hotspot\share\classfile\systemDictionary.cpp, line 313]
Event: 1.701 Thread 0x0000015afbd5c330 Exception <a 'java/io/FileNotFoundException'{0x00000000d55f0f10}> (0x00000000d55f0f10) 
thrown [s\src\hotspot\share\prims\jni.cpp, line 520]
Event: 1.908 Thread 0x0000015afbd5c330 Implicit null exception at 0x0000015a8ac7d549 to 0x0000015a8ac7e0c0
Event: 1.908 Thread 0x0000015afbd5c330 Implicit null exception at 0x0000015a8ac7911a to 0x0000015a8ac79320
Event: 1.909 Thread 0x0000015afbd5c330 Exception <a 'java/lang/NoSuchMethodError'{0x00000000d5722cf8}: 'void java.lang.invoke.DirectMethodHandle$Holder.invokeStatic(java.lang.Object, java.lang.Object, java.lang.Object, java.lang.Object)'> (0x00000000d5722cf8) 
thrown [s\src\hotspot\share\interpreter\linkResolver.cpp, line 773]
Event: 1.911 Thread 0x0000015afbd5c330 Implicit null exception at 0x0000015a8ac69ebc to 0x0000015a8ac6a148
Event: 1.912 Thread 0x0000015afbd5c330 Implicit null exception at 0x0000015a8ac7d0bd to 0x0000015a8ac7d141
Event: 2.311 Thread 0x0000015afbd5c330 Exception <a 'java/lang/NoSuchMethodError'{0x00000000d5a08150}: 'void java.lang.invoke.DirectMethodHandle$Holder.invokeSpecial(java.lang.Object, java.lang.Object, java.lang.Object)'> (0x00000000d5a08150) 
thrown [s\src\hotspot\share\interpreter\linkResolver.cpp, line 773]
Event: 2.966 Thread 0x0000015afbd5c330 Exception <a 'java/lang/NoSuchMethodError'{0x00000000d64721f8}: 'int java.lang.invoke.DirectMethodHandle$Holder.invokeVirtual(java.lang.Object, java.lang.Object)'> (0x00000000d64721f8) 
thrown [s\src\hotspot\share\interpreter\linkResolver.cpp, line 773]
Event: 3.107 Thread 0x0000015afbd5c330 Exception <a 'java/lang/NoSuchMethodError'{0x00000000d65fbd48}: 'int java.lang.invoke.DirectMethodHandle$Holder.invokeStaticInit(java.lang.Object, java.lang.Object, java.lang.Object, java.lang.Object)'> (0x00000000d65fbd48) 
thrown [s\src\hotspot\share\interpreter\linkResolver.cpp, line 773]
Event: 3.109 Thread 0x0000015afbd5c330 Exception <a 'java/lang/IncompatibleClassChangeError'{0x00000000d6604430}: Found class java.lang.Object, but interface was expected> (0x00000000d6604430) 
thrown [s\src\hotspot\share\interpreter\linkResolver.cpp, line 840]
Event: 3.110 Thread 0x0000015afbd5c330 Exception <a 'java/lang/NoSuchMethodError'{0x00000000d660b2c0}: 'void java.lang.invoke.DirectMethodHandle$Holder.invokeStaticInit(java.lang.Object, java.lang.Object)'> (0x00000000d660b2c0) 
thrown [s\src\hotspot\share\interpreter\linkResolver.cpp, line 773]
Event: 3.112 Thread 0x0000015afbd5c330 Exception <a 'java/lang/NoSuchMethodError'{0x00000000d6614f58}: 'int java.lang.invoke.DirectMethodHandle$Holder.invokeStaticInit(java.lang.Object, java.lang.Object)'> (0x00000000d6614f58) 
thrown [s\src\hotspot\share\interpreter\linkResolver.cpp, line 773]
Event: 3.225 Thread 0x0000015afbd5c330 Exception <a 'java/lang/NoSuchMethodError'{0x00000000d687f298}: 'java.lang.Object java.lang.invoke.DirectMethodHandle$Holder.newInvokeSpecial(java.lang.Object, int, java.lang.Object)'> (0x00000000d687f298) 
thrown [s\src\hotspot\share\interpreter\linkResolver.cpp, line 773]

ZGC Phase Switch (0 events):
No events

VM Operations (20 events):
Event: 0.140 Executing non-safepoint VM operation: HandshakeAllThreads (Deoptimize)
Event: 0.140 Executing non-safepoint VM operation: HandshakeAllThreads (Deoptimize) done
Event: 0.256 Executing non-safepoint VM operation: HandshakeAllThreads (Deoptimize)
Event: 0.257 Executing non-safepoint VM operation: HandshakeAllThreads (Deoptimize) done
Event: 0.971 Executing non-safepoint VM operation: HandshakeAllThreads (Deoptimize)
Event: 0.971 Executing non-safepoint VM operation: HandshakeAllThreads (Deoptimize) done
Event: 0.997 Executing non-safepoint VM operation: HandshakeAllThreads (Deoptimize)
Event: 0.997 Executing non-safepoint VM operation: HandshakeAllThreads (Deoptimize) done
Event: 1.549 Executing safepoint VM operation: ICBufferFull
Event: 1.549 Executing safepoint VM operation: ICBufferFull done
Event: 1.581 Executing non-safepoint VM operation: HandshakeAllThreads (Deoptimize)
Event: 1.581 Executing non-safepoint VM operation: HandshakeAllThreads (Deoptimize) done
Event: 1.647 Executing safepoint VM operation: ParallelGCFailedAllocation (Allocation Failure)
Event: 1.673 Executing safepoint VM operation: ParallelGCFailedAllocation (Allocation Failure) done
Event: 2.683 Executing safepoint VM operation: Cleanup
Event: 2.683 Executing safepoint VM operation: Cleanup done
Event: 3.166 Executing non-safepoint VM operation: HandshakeAllThreads (Deoptimize)
Event: 3.166 Executing non-safepoint VM operation: HandshakeAllThreads (Deoptimize) done
Event: 3.180 Executing non-safepoint VM operation: HandshakeAllThreads (Deoptimize)
Event: 3.180 Executing non-safepoint VM operation: HandshakeAllThreads (Deoptimize) done

Memory protections (0 events):
No events

Nmethod flushes (0 events):
No events

Events (17 events):
Event: 0.054 Thread 0x0000015afbd5c330 Thread added: 0x0000015afbd5c330
Event: 0.079 Thread 0x0000015afbd5c330 Thread added: 0x0000015a9627a390
Event: 0.079 Thread 0x0000015afbd5c330 Thread added: 0x0000015a9627c4b0
Event: 0.080 Thread 0x0000015afbd5c330 Thread added: 0x0000015a9627f010
Event: 0.080 Thread 0x0000015afbd5c330 Thread added: 0x0000015a9627fc70
Event: 0.080 Thread 0x0000015afbd5c330 Thread added: 0x0000015a96288060
Event: 0.080 Thread 0x0000015afbd5c330 Thread added: 0x0000015a9628be20
Event: 0.080 Thread 0x0000015afbd5c330 Thread added: 0x0000015a96290900
Event: 0.081 Thread 0x0000015afbd5c330 Thread added: 0x0000015a962aeb10
Event: 0.182 Thread 0x0000015afbd5c330 Thread added: 0x0000015ad828f6f0
Event: 0.383 Thread 0x0000015a962aeb10 Thread added: 0x0000015ad837ed50
Event: 0.511 Thread 0x0000015ad837ed50 Thread exited: 0x0000015ad837ed50
Event: 0.681 Thread 0x0000015afbd5c330 Thread added: 0x0000015ad83c1a90
Event: 0.828 Thread 0x0000015a96290900 Thread added: 0x0000015ad848c170
Event: 1.830 Thread 0x0000015ad848c170 Thread exited: 0x0000015ad848c170
Event: 2.300 Thread 0x0000015a96290900 Thread added: 0x0000015ad8988b40
Event: 3.141 Thread 0x0000015afbd5c330 Thread added: 0x0000015add0cda80


Dynamic libraries:
0x00007ff704980000 - 0x00007ff70498e000 	c:\Users\ACER\.vscode\extensions\redhat.java-1.56.0-win32-x64\jre\21.0.12.1-win32-x86_64\bin\java.exe
0x00007ffb00560000 - 0x00007ffb007c6000 	C:\Windows\SYSTEM32\ntdll.dll
0x00007ffafed70000 - 0x00007ffafee39000 	C:\Windows\System32\KERNEL32.DLL
0x00007ffafddf0000 - 0x00007ffafe1f0000 	C:\Windows\System32\KERNELBASE.dll
0x00007ffafd780000 - 0x00007ffafd8cc000 	C:\Windows\System32\ucrtbase.dll
0x00007ffae5a90000 - 0x00007ffae5aa8000 	c:\Users\ACER\.vscode\extensions\redhat.java-1.56.0-win32-x64\jre\21.0.12.1-win32-x86_64\bin\jli.dll
0x00007ffafe900000 - 0x00007ffafeac7000 	C:\Windows\System32\USER32.dll
0x00007ffafd990000 - 0x00007ffafd9b7000 	C:\Windows\System32\win32u.dll
0x00007ffae5ab0000 - 0x00007ffae5ace000 	c:\Users\ACER\.vscode\extensions\redhat.java-1.56.0-win32-x64\jre\21.0.12.1-win32-x86_64\bin\VCRUNTIME140.dll
0x00007ffaff520000 - 0x00007ffaff54b000 	C:\Windows\System32\GDI32.dll
0x00007ffafd9c0000 - 0x00007ffafdae9000 	C:\Windows\System32\gdi32full.dll
0x00007ffafd8e0000 - 0x00007ffafd983000 	C:\Windows\System32\msvcp_win.dll
0x00007ffaeac40000 - 0x00007ffaeaed2000 	C:\Windows\WinSxS\amd64_microsoft.windows.common-controls_6595b64144ccf1df_6.0.26100.8737_none_3e092eaee333b772\COMCTL32.dll
0x00007ffaff810000 - 0x00007ffaff8b9000 	C:\Windows\System32\msvcrt.dll
0x00007ffaffa10000 - 0x00007ffaffa42000 	C:\Windows\System32\IMM32.DLL
0x00007ffaece30000 - 0x00007ffaece3c000 	c:\Users\ACER\.vscode\extensions\redhat.java-1.56.0-win32-x64\jre\21.0.12.1-win32-x86_64\bin\vcruntime140_1.dll
0x00007ffae5a00000 - 0x00007ffae5a8d000 	c:\Users\ACER\.vscode\extensions\redhat.java-1.56.0-win32-x64\jre\21.0.12.1-win32-x86_64\bin\msvcp140.dll
0x00007ffa6a270000 - 0x00007ffa6b012000 	c:\Users\ACER\.vscode\extensions\redhat.java-1.56.0-win32-x64\jre\21.0.12.1-win32-x86_64\bin\server\jvm.dll
0x00007ffaff8c0000 - 0x00007ffaff977000 	C:\Windows\System32\ADVAPI32.dll
0x00007ffafe320000 - 0x00007ffafe3ca000 	C:\Windows\System32\sechost.dll
0x00007ffafef70000 - 0x00007ffaff088000 	C:\Windows\System32\RPCRT4.dll
0x00007ffaffa70000 - 0x00007ffaffaf0000 	C:\Windows\System32\WS2_32.dll
0x00007ffafd600000 - 0x00007ffafd65e000 	C:\Windows\SYSTEM32\POWRPROF.dll
0x00007ffaf6910000 - 0x00007ffaf6946000 	C:\Windows\SYSTEM32\WINMM.dll
0x00007ffaf6950000 - 0x00007ffaf695b000 	C:\Windows\SYSTEM32\VERSION.dll
0x00007ffafd5c0000 - 0x00007ffafd5d4000 	C:\Windows\SYSTEM32\UMPDC.dll
0x00007ffafc460000 - 0x00007ffafc47b000 	C:\Windows\SYSTEM32\kernel.appcore.dll
0x00007ffaeaac0000 - 0x00007ffaeaaca000 	c:\Users\ACER\.vscode\extensions\redhat.java-1.56.0-win32-x64\jre\21.0.12.1-win32-x86_64\bin\jimage.dll
0x00007ffaeb3b0000 - 0x00007ffaeb5f2000 	C:\Windows\SYSTEM32\DBGHELP.DLL
0x00007ffaff190000 - 0x00007ffaff513000 	C:\Windows\System32\combase.dll
0x00007ffaff730000 - 0x00007ffaff809000 	C:\Windows\System32\OLEAUT32.dll
0x00007ffaf3f30000 - 0x00007ffaf3f6b000 	C:\Windows\SYSTEM32\dbgcore.DLL
0x00007ffafdaf0000 - 0x00007ffafdb9c000 	C:\Windows\System32\bcryptPrimitives.dll
0x00007ffae98b0000 - 0x00007ffae98bf000 	c:\Users\ACER\.vscode\extensions\redhat.java-1.56.0-win32-x64\jre\21.0.12.1-win32-x86_64\bin\instrument.dll
0x00007ffae59e0000 - 0x00007ffae5a00000 	c:\Users\ACER\.vscode\extensions\redhat.java-1.56.0-win32-x64\jre\21.0.12.1-win32-x86_64\bin\java.dll
0x00007ffaffd80000 - 0x00007ffb00512000 	C:\Windows\System32\SHELL32.dll
0x00007ffafb260000 - 0x00007ffafbaf2000 	C:\Windows\SYSTEM32\windows.storage.dll
0x00007ffaff090000 - 0x00007ffaff187000 	C:\Windows\System32\SHCORE.dll
0x00007ffaff980000 - 0x00007ffaff9e7000 	C:\Windows\System32\shlwapi.dll
0x00007ffafd6a0000 - 0x00007ffafd6c9000 	C:\Windows\SYSTEM32\profapi.dll
0x00007ffae58c0000 - 0x00007ffae58d8000 	c:\Users\ACER\.vscode\extensions\redhat.java-1.56.0-win32-x64\jre\21.0.12.1-win32-x86_64\bin\zip.dll
0x00007ffae9930000 - 0x00007ffae9940000 	C:\Users\ACER\.vscode\extensions\redhat.java-1.56.0-win32-x64\jre\21.0.12.1-win32-x86_64\bin\net.dll
0x00007ffaf2fd0000 - 0x00007ffaf30f9000 	C:\Windows\SYSTEM32\WINHTTP.dll
0x00007ffafca10000 - 0x00007ffafca7c000 	C:\Windows\system32\mswsock.dll
0x00007ffae56a0000 - 0x00007ffae56b6000 	C:\Users\ACER\.vscode\extensions\redhat.java-1.56.0-win32-x64\jre\21.0.12.1-win32-x86_64\bin\nio.dll
0x00007ffae8310000 - 0x00007ffae8320000 	c:\Users\ACER\.vscode\extensions\redhat.java-1.56.0-win32-x64\jre\21.0.12.1-win32-x86_64\bin\verify.dll

JVMTI agents:
c:\Users\ACER\.vscode\extensions\redhat.java-1.56.0-win32-x64\lombok\lombok-1.18.39-4050.jar path:c:\Users\ACER\.vscode\extensions\redhat.java-1.56.0-win32-x64\jre\21.0.12.1-win32-x86_64\bin\instrument.dll, loaded, initialized, instrumentlib options:none

dbghelp: loaded successfully - version: 4.0.5 - missing functions: none
symbol engine: initialized successfully - sym options: 0x614 - pdb path: .;c:\Users\ACER\.vscode\extensions\redhat.java-1.56.0-win32-x64\jre\21.0.12.1-win32-x86_64\bin;C:\Windows\SYSTEM32;C:\Windows\WinSxS\amd64_microsoft.windows.common-controls_6595b64144ccf1df_6.0.26100.8737_none_3e092eaee333b772;c:\Users\ACER\.vscode\extensions\redhat.java-1.56.0-win32-x64\jre\21.0.12.1-win32-x86_64\bin\server

VM Arguments:
jvm_args: --add-modules=ALL-SYSTEM --add-opens=java.base/java.util=ALL-UNNAMED --add-opens=java.base/java.lang=ALL-UNNAMED --add-opens=java.base/sun.nio.fs=ALL-UNNAMED -Declipse.application=org.eclipse.jdt.ls.core.id1 -Dosgi.bundles.defaultStartLevel=4 -Declipse.product=org.eclipse.jdt.ls.core.product -Djava.import.generatesMetadataFilesAtProjectRoot=false -Dm2e.project.cache.size=50 -DDetectVMInstallationsJob.disabled=true -Dfile.encoding=utf8 -XX:+UseParallelGC -XX:GCTimeRatio=4 -XX:AdaptiveSizePolicyWeight=90 -Dsun.zip.disableMemoryMapping=true -Xmx2G -Xms100m -Xlog:disable -javaagent:c:\Users\ACER\.vscode\extensions\redhat.java-1.56.0-win32-x64\lombok\lombok-1.18.39-4050.jar -XX:+HeapDumpOnOutOfMemoryError -XX:HeapDumpPath=c:\Users\ACER\AppData\Roaming\Code\User\workspaceStorage\ce63b1d7b09725d05b5ff70fb3df8885\redhat.java -Daether.dependencyCollector.impl=bf 
java_command: c:\Users\ACER\.vscode\extensions\redhat.java-1.56.0-win32-x64\server\plugins\org.eclipse.equinox.launcher_1.8.0.v20260804-1928.jar -configuration c:\Users\ACER\AppData\Roaming\Code\User\globalStorage\redhat.java\1.56.0\config_win -data c:\Users\ACER\AppData\Roaming\Code\User\workspaceStorage\ce63b1d7b09725d05b5ff70fb3df8885\redhat.java\jdt_ws --stdio
java_class_path (initial): c:\Users\ACER\.vscode\extensions\redhat.java-1.56.0-win32-x64\server\plugins\org.eclipse.equinox.launcher_1.8.0.v20260804-1928.jar
Launcher Type: SUN_STANDARD

[Global flags]
    uintx AdaptiveSizePolicyWeight                 = 90                                        {product} {command line}
     intx CICompilerCount                          = 3                                         {product} {ergonomic}
    uintx GCTimeRatio                              = 4                                         {product} {command line}
     bool HeapDumpOnOutOfMemoryError               = true                                   {manageable} {command line}
    ccstr HeapDumpPath                             = c:\Users\ACER\AppData\Roaming\Code\User\workspaceStorage\ce63b1d7b09725d05b5ff70fb3df8885\redhat.java         {manageable} {command line}
   size_t InitialHeapSize                          = 104857600                                 {product} {command line}
   size_t MaxHeapSize                              = 2147483648                                {product} {command line}
   size_t MaxNewSize                               = 715653120                                 {product} {ergonomic}
   size_t MinHeapDeltaBytes                        = 524288                                    {product} {ergonomic}
   size_t MinHeapSize                              = 104857600                                 {product} {command line}
   size_t NewSize                                  = 34603008                                  {product} {ergonomic}
    uintx NonNMethodCodeHeapSize                   = 5832780                                {pd product} {ergonomic}
    uintx NonProfiledCodeHeapSize                  = 122912730                              {pd product} {ergonomic}
   size_t OldSize                                  = 70254592                                  {product} {ergonomic}
    uintx ProfiledCodeHeapSize                     = 122912730                              {pd product} {ergonomic}
    uintx ReservedCodeCacheSize                    = 251658240                              {pd product} {ergonomic}
     bool SegmentedCodeCache                       = true                                      {product} {ergonomic}
   size_t SoftMaxHeapSize                          = 2147483648                             {manageable} {ergonomic}
     bool UseCompressedOops                        = true                           {product lp64_product} {ergonomic}
     bool UseLargePagesIndividualAllocation        = false                                  {pd product} {ergonomic}
     bool UseParallelGC                            = true                                      {product} {command line}

Logging:
Log output configuration:
 #0: stdout all=off uptime,level,tags foldmultilines=false
 #1: stderr all=off uptime,level,tags foldmultilines=false

Release file:
JAVA_VERSION="21.0.12.1" 
MODULES="java.base java.compiler java.datatransfer java.xml java.prefs java.desktop java.instrument java.logging java.management java.security.sasl java.naming java.rmi java.management.rmi java.net.http java.scripting java.security.jgss java.transaction.xa java.sql java.sql.rowset java.xml.crypto java.se java.smartcardio jdk.accessibility jdk.internal.jvmstat jdk.attach jdk.charsets jdk.internal.opt jdk.zipfs jdk.compiler jdk.crypto.ec jdk.crypto.cryptoki jdk.crypto.mscapi jdk.dynalink jdk.internal.ed jdk.editpad jdk.hotspot.agent jdk.httpserver jdk.internal.le jdk.internal.vm.ci jdk.internal.vm.compiler jdk.internal.vm.compiler.management jdk.jartool jdk.javadoc jdk.jcmd jdk.management jdk.management.agent jdk.jconsole jdk.jdeps jdk.jdwp.agent jdk.jdi jdk.jfr jdk.jshell jdk.jsobject jdk.jstatd jdk.localedata jdk.management.jfr jdk.naming.dns jdk.naming.rmi jdk.net jdk.nio.mapmode jdk.random jdk.sctp jdk.security.auth jdk.security.jgss jdk.unsupported jdk.unsupported.desktop jdk.xml.dom" 

Environment Variables:
PATH=C:\Program Files\Common Files\Oracle\Java\javapath;C:\Windows\system32;C:\Windows;C:\Windows\System32\Wbem;C:\Windows\System32\WindowsPowerShell\v1.0\;C:\Windows\System32\OpenSSH\;C:\Program Files\Git\cmd;C:\Program Files\nodejs\;C:\ffmpeg\bin;C:\Program Files (x86)\cloudflared\;C:\Users\ACER\AppData\Local\Microsoft\WindowsApps;C:\Users\ACER\AppData\Local\Programs\Microsoft VS Code\bin;C:\Users\ACER\AppData\Local\Python\bin;C:\Users\ACER\AppData\Roaming\npm;C:\Users\ACER\AppData\Local\Programs\cursor\resources\app\bin
USERNAME=ACER
OS=Windows_NT
PROCESSOR_IDENTIFIER=AMD64 Family 23 Model 24 Stepping 1, AuthenticAMD
TMP=C:\Users\ACER\AppData\Local\Temp
TEMP=C:\Users\ACER\AppData\Local\Temp




Periodic native trim disabled

---------------  S Y S T E M  ---------------

OS:
 Windows 11 , 64 bit Build 26100 (10.0.26100.8737)
OS uptime: 0 days 6:02 hours

CPU: total 4 (initial active 4) (4 cores per cpu, 2 threads per core) family 23 model 24 stepping 1 microcode 0x8108109, cx8, cmov, fxsr, ht, mmx, 3dnowpref, sse, sse2, sse3, ssse3, sse4a, sse4.1, sse4.2, popcnt, lzcnt, tsc, tscinvbit, avx, avx2, aes, clmul, bmi1, bmi2, adx, sha, fma, vzeroupper, clflush, clflushopt, rdtscp, f16c
Processor Information for the first 4 processors :
  Max Mhz: 2600, Current Mhz: 2600, Mhz Limit: 2600

Memory: 4k page, system-wide physical 6081M (478M free)
TotalPageFile size 9390M (AvailPageFile size 5M)
current process WorkingSet (physical memory assigned to process): 89M, peak: 90M
current process commit charge ("private bytes"): 227M, peak: 228M

vm_info: OpenJDK 64-Bit Server VM (21.0.12.1+1-LTS) for windows-amd64 JRE (21.0.12.1+1-LTS), built on 2026-08-18T00:00:00Z by "admin" with MS VC++ 17.12 (VS2022)

END.
