#
# There is insufficient memory for the Java Runtime Environment to continue.
# Native memory allocation (malloc) failed to allocate 1217936 bytes. Error detail: Chunk::new
# Possible reasons:
#   The system is out of physical RAM or swap space
#   This process is running with CompressedOops enabled, and the Java Heap may be blocking the growth of the native heap
# Possible solutions:
#   Reduce memory load on the system
#   Increase physical memory or swap space
#   Check if swap backing store is full
#   Decrease Java heap size (-Xmx/-Xms)
#   Decrease number of Java threads
#   Decrease Java thread stack sizes (-Xss)
#   Set larger code cache with -XX:ReservedCodeCacheSize=
#   JVM is running with Unscaled Compressed Oops mode in which the Java heap is
#     placed in the first 4GB address space. The Java Heap base address is the
#     maximum limit for the native heap growth. Please use -XX:HeapBaseMinAddress
#     to set the Java Heap base and to place the Java Heap above 4GB virtual address.
# This output file may be truncated or incomplete.
#
#  Out of Memory Error (arena.cpp:168), pid=17084, tid=14824
#
# JRE version: OpenJDK Runtime Environment Temurin-21.0.12.1+1 (21.0.12.1+1) (build 21.0.12.1+1-LTS)
# Java VM: OpenJDK 64-Bit Server VM Temurin-21.0.12.1+1 (21.0.12.1+1-LTS, mixed mode, sharing, tiered, compressed oops, compressed class ptrs, parallel gc, windows-amd64)
# No core dump will be written. Minidumps are not enabled by default on client versions of Windows
#

---------------  S U M M A R Y ------------

Command Line: --add-modules=ALL-SYSTEM --add-opens=java.base/java.util=ALL-UNNAMED --add-opens=java.base/java.lang=ALL-UNNAMED --add-opens=java.base/sun.nio.fs=ALL-UNNAMED -Declipse.application=org.eclipse.jdt.ls.core.id1 -Dosgi.bundles.defaultStartLevel=4 -Declipse.product=org.eclipse.jdt.ls.core.product -Djava.import.generatesMetadataFilesAtProjectRoot=false -Dm2e.project.cache.size=50 -DDetectVMInstallationsJob.disabled=true -Dfile.encoding=utf8 -XX:+UseParallelGC -XX:GCTimeRatio=4 -XX:AdaptiveSizePolicyWeight=90 -Dsun.zip.disableMemoryMapping=true -Xmx2G -Xms100m -Xlog:disable -javaagent:c:\Users\ACER\.vscode\extensions\redhat.java-1.56.0-win32-x64\lombok\lombok-1.18.39-4050.jar c:\Users\ACER\.vscode\extensions\redhat.java-1.56.0-win32-x64\server\plugins\org.eclipse.equinox.launcher_1.8.0.v20260804-1928.jar -configuration c:\Users\ACER\AppData\Roaming\Code\User\globalStorage\redhat.java\1.56.0\config_ss_win -data c:\Users\ACER\AppData\Roaming\Code\User\workspaceStorage\ce63b1d7b09725d05b5ff70fb3df8885\redhat.java\ss_ws --pipe=\\.\pipe\lsp-0aca2265fe84dd3790c6316938c0bb3c-sock

Host: AMD Ryzen 3 3250U with Radeon Graphics         , 4 cores, 5G,  Windows 11 , 64 bit Build 26100 (10.0.26100.8737)
Time: Thu Sep 10 08:44:38 2026 Greenwich elapsed time: 12.393074 seconds (0d 0h 0m 12s)

---------------  T H R E A D  ---------------

Current thread (0x000001e17cbb8990):  JavaThread "C2 CompilerThread0" daemon [_thread_in_native, id=14824, stack(0x0000007744800000,0x0000007744900000) (1024K)]


Current CompileTask:
C2:12393 2863       4       java.lang.invoke.MethodType::makeImpl (109 bytes)

Stack: [0x0000007744800000,0x0000007744900000]
Native frames: (J=compiled Java code, j=interpreted, Vv=VM code, C=native code)
V  [jvm.dll+0x6d83e9]
V  [jvm.dll+0x8b5736]
V  [jvm.dll+0x8b7cee]
V  [jvm.dll+0x8b83d3]
V  [jvm.dll+0x284596]
V  [jvm.dll+0xc685d]
V  [jvm.dll+0xc6da1]
V  [jvm.dll+0x3bf18b]
V  [jvm.dll+0x1e4149]
V  [jvm.dll+0x24c853]
V  [jvm.dll+0x24bce0]
V  [jvm.dll+0x1cb4ae]
V  [jvm.dll+0x25baad]
V  [jvm.dll+0x25a03a]
V  [jvm.dll+0x3f8aae]
V  [jvm.dll+0x8600cd]
V  [jvm.dll+0x6d6c1d]
C  [ucrtbase.dll+0x2cd30]
C  [KERNEL32.DLL+0x2e957]
C  [ntdll.dll+0xaad6c]


---------------  P R O C E S S  ---------------

Threads class SMR info:
_java_thread_list=0x000001e17e9bebd0, length=20, elements={
0x000001e1661bac80, 0x000001e17cba9d10, 0x000001e17cbae110, 0x000001e17cbb0520,
0x000001e17cbb4730, 0x000001e17cbb5190, 0x000001e17cbb5bf0, 0x000001e17cbb8990,
0x000001e17cc2f200, 0x000001e17d9a3410, 0x000001e17dab5d10, 0x000001e17e1f2a70,
0x000001e17e138580, 0x000001e17e139410, 0x000001e17e64c150, 0x000001e17e690ab0,
0x000001e17e3f3840, 0x000001e17e41e930, 0x000001e17e9abbf0, 0x000001e17eafa770
}

Java Threads: ( => current thread )
  0x000001e1661bac80 JavaThread "main"                              [_thread_blocked, id=5312, stack(0x0000007743e00000,0x0000007743f00000) (1024K)]
  0x000001e17cba9d10 JavaThread "Reference Handler"          daemon [_thread_blocked, id=9556, stack(0x0000007744200000,0x0000007744300000) (1024K)]
  0x000001e17cbae110 JavaThread "Finalizer"                  daemon [_thread_blocked, id=6928, stack(0x0000007744300000,0x0000007744400000) (1024K)]
  0x000001e17cbb0520 JavaThread "Signal Dispatcher"          daemon [_thread_blocked, id=15436, stack(0x0000007744400000,0x0000007744500000) (1024K)]
  0x000001e17cbb4730 JavaThread "Attach Listener"            daemon [_thread_blocked, id=12356, stack(0x0000007744500000,0x0000007744600000) (1024K)]
  0x000001e17cbb5190 JavaThread "Service Thread"             daemon [_thread_blocked, id=4336, stack(0x0000007744600000,0x0000007744700000) (1024K)]
  0x000001e17cbb5bf0 JavaThread "Monitor Deflation Thread"   daemon [_thread_blocked, id=10808, stack(0x0000007744700000,0x0000007744800000) (1024K)]
=>0x000001e17cbb8990 JavaThread "C2 CompilerThread0"         daemon [_thread_in_native, id=14824, stack(0x0000007744800000,0x0000007744900000) (1024K)]
  0x000001e17cc2f200 JavaThread "C1 CompilerThread0"         daemon [_thread_blocked, id=5004, stack(0x0000007744900000,0x0000007744a00000) (1024K)]
  0x000001e17d9a3410 JavaThread "Common-Cleaner"             daemon [_thread_blocked, id=4236, stack(0x0000007744a00000,0x0000007744b00000) (1024K)]
  0x000001e17dab5d10 JavaThread "Notification Thread"        daemon [_thread_blocked, id=14536, stack(0x0000007744b00000,0x0000007744c00000) (1024K)]
  0x000001e17e1f2a70 JavaThread "Active Thread: Equinox Container: a9ea615e-8a16-4b1b-ae54-260164315f30"        [_thread_blocked, id=12296, stack(0x0000007744f00000,0x0000007745000000) (1024K)]
  0x000001e17e138580 JavaThread "Framework Event Dispatcher: Equinox Container: a9ea615e-8a16-4b1b-ae54-260164315f30" daemon [_thread_blocked, id=5532, stack(0x0000007745000000,0x0000007745100000) (1024K)]
  0x000001e17e139410 JavaThread "Start Level: Equinox Container: a9ea615e-8a16-4b1b-ae54-260164315f30" daemon [_thread_in_vm, id=15872, stack(0x0000007745100000,0x0000007745200000) (1024K)]
  0x000001e17e64c150 JavaThread "SCR Component Actor"        daemon [_thread_blocked, id=4992, stack(0x0000007745200000,0x0000007745300000) (1024K)]
  0x000001e17e690ab0 JavaThread "Worker-JM"                         [_thread_blocked, id=12560, stack(0x0000007745300000,0x0000007745400000) (1024K)]
  0x000001e17e3f3840 JavaThread "Worker-0"                          [_thread_blocked, id=9600, stack(0x0000007745400000,0x0000007745500000) (1024K)]
  0x000001e17e41e930 JavaThread "Worker-1"                          [_thread_blocked, id=2104, stack(0x0000007745500000,0x0000007745600000) (1024K)]
  0x000001e17e9abbf0 JavaThread "Worker-2"                          [_thread_blocked, id=6528, stack(0x0000007745700000,0x0000007745800000) (1024K)]
  0x000001e17eafa770 JavaThread "C2 CompilerThread1"         daemon [_thread_blocked, id=9236, stack(0x0000007745600000,0x0000007745700000) (1024K)]
Total: 20

Other Threads:
  0x000001e16627d680 VMThread "VM Thread"                           [id=5800, stack(0x0000007744100000,0x0000007744200000) (1024K)]
  0x000001e17cb4ca00 WatcherThread "VM Periodic Task Thread"        [id=15512, stack(0x0000007744000000,0x0000007744100000) (1024K)]
  0x000001e1661d8e90 WorkerThread "GC Thread#0"                     [id=5768, stack(0x0000007743f00000,0x0000007744000000) (1024K)]
  0x000001e17da06b20 WorkerThread "GC Thread#1"                     [id=16184, stack(0x0000007744c00000,0x0000007744d00000) (1024K)]
  0x000001e17da06010 WorkerThread "GC Thread#2"                     [id=4368, stack(0x0000007744d00000,0x0000007744e00000) (1024K)]
  0x000001e17da06ed0 WorkerThread "GC Thread#3"                     [id=12124, stack(0x0000007744e00000,0x0000007744f00000) (1024K)]
Total: 6

Threads with active compile tasks:
C2 CompilerThread0  12489 2863       4       java.lang.invoke.MethodType::makeImpl (109 bytes)
Total: 1

VM state: not at safepoint (normal execution)

VM Mutex/Monitor currently owned by a thread: None

Heap address: 0x0000000080000000, size: 2048 MB, Compressed Oops mode: 32-bit

CDS archive(s) mapped at: [0x000001e100000000-0x000001e100ba0000-0x000001e100ba0000), size 12189696, SharedBaseAddress: 0x000001e100000000, ArchiveRelocationMode: 1.
Compressed class space mapped at: 0x000001e101000000-0x000001e141000000, reserved size: 1073741824
Narrow klass base: 0x000001e100000000, Narrow klass shift: 0, Narrow klass range: 0x100000000

GC Precious Log:
 CardTable entry size: 512
 CPUs: 4 total, 4 available
 Memory: 6081M
 Large Page Support: Disabled
 NUMA Support: Disabled
 Compressed Oops: Enabled (32-bit)
 Alignments: Space 512K, Generation 512K, Heap 2M
 Heap Min Capacity: 100M
 Heap Initial Capacity: 100M
 Heap Max Capacity: 2G
 Pre-touch: Disabled
 Parallel Workers: 4

Heap:
 PSYoungGen      total 30720K, used 18340K [0x00000000d5580000, 0x00000000d7900000, 0x0000000100000000)
  eden space 25088K, 73% used [0x00000000d5580000,0x00000000d67693b0,0x00000000d6e00000)
  from space 5632K, 0% used [0x00000000d7380000,0x00000000d7380000,0x00000000d7900000)
  to   space 5632K, 0% used [0x00000000d6e00000,0x00000000d6e00000,0x00000000d7380000)
 ParOldGen       total 68608K, used 10103K [0x0000000080000000, 0x0000000084300000, 0x00000000d5580000)
  object space 68608K, 14% used [0x0000000080000000,0x00000000809ddf78,0x0000000084300000)
 Metaspace       used 24063K, committed 24768K, reserved 1114112K
  class space    used 2326K, committed 2688K, reserved 1048576K

Card table byte_map: [0x000001e165b60000,0x000001e165f70000] _byte_map_base: 0x000001e165760000

Marking Bits: (ParMarkBitMap*) 0x00007ffe313844a0
 Begin Bits: [0x000001e178670000, 0x000001e17a670000)
 End Bits:   [0x000001e17a670000, 0x000001e17c670000)

Polling page: 0x000001e163e50000

Metaspace:

Usage:
  Non-class:     21.23 MB used.
      Class:      2.27 MB used.
       Both:     23.50 MB used.

Virtual space:
  Non-class space:       64.00 MB reserved,      21.56 MB ( 34%) committed,  1 nodes.
      Class space:        1.00 GB reserved,       2.62 MB ( <1%) committed,  1 nodes.
             Both:        1.06 GB reserved,      24.19 MB (  2%) committed. 

Chunk freelists:
   Non-Class:  10.02 MB
       Class:  13.36 MB
        Both:  23.38 MB

MaxMetaspaceSize: unlimited
CompressedClassSpaceSize: 1.00 GB
Initial GC threshold: 21.00 MB
Current GC threshold: 35.00 MB
CDS: on
 - commit_granule_bytes: 65536.
 - commit_granule_words: 8192.
 - virtual_space_node_default_size: 8388608.
 - enlarge_chunks_in_place: 1.
 - use_allocation_guard: 0.


Internal statistics:

num_allocs_failed_limit: 5.
num_arena_births: 484.
num_arena_deaths: 14.
num_vsnodes_births: 2.
num_vsnodes_deaths: 0.
num_space_committed: 387.
num_space_uncommitted: 0.
num_chunks_returned_to_freelist: 19.
num_chunks_taken_from_freelist: 1351.
num_chunk_merges: 6.
num_chunk_splits: 900.
num_chunks_enlarged: 606.
num_inconsistent_stats: 0.

CodeHeap 'non-profiled nmethods': size=120000Kb used=1348Kb max_used=1348Kb free=118651Kb
 bounds [0x000001e170e90000, 0x000001e171100000, 0x000001e1783c0000]
CodeHeap 'profiled nmethods': size=120000Kb used=6134Kb max_used=6134Kb free=113865Kb
 bounds [0x000001e1693c0000, 0x000001e1699c0000, 0x000001e1708f0000]
CodeHeap 'non-nmethods': size=5760Kb used=1320Kb max_used=1335Kb free=4439Kb
 bounds [0x000001e1708f0000, 0x000001e170b60000, 0x000001e170e90000]
CodeCache: size=245760Kb, used=8802Kb, max_used=8817Kb, free=236955Kb
 total_blobs=3635, nmethods=3029, adapters=512, full_count=0
Compilation: enabled, stopped_count=0, restarted_count=0

Compilation events (20 events):
Event: 12.314 Thread 0x000001e17cc2f200 3019       3       org.eclipse.osgi.internal.log.EquinoxLogWriter::isLoggable (65 bytes)
Event: 12.315 Thread 0x000001e17cc2f200 nmethod 3019 0x000001e1699b6090 code [0x000001e1699b62a0, 0x000001e1699b6768]
Event: 12.315 Thread 0x000001e17cc2f200 3020       3       org.eclipse.osgi.internal.log.ExtendedLogReaderServiceFactory::getCount (29 bytes)
Event: 12.315 Thread 0x000001e17cc2f200 nmethod 3020 0x000001e1699b6910 code [0x000001e1699b6ae0, 0x000001e1699b6f58]
Event: 12.337 Thread 0x000001e17cc2f200 3022       3       java.util.concurrent.ConcurrentHashMap::<init> (5 bytes)
Event: 12.338 Thread 0x000001e17cc2f200 nmethod 3022 0x000001e1699b7090 code [0x000001e1699b7240, 0x000001e1699b7408]
Event: 12.340 Thread 0x000001e17cc2f200 3023       3       java.lang.invoke.LambdaForm$MH/0x000001e101019c00::invoke (25 bytes)
Event: 12.340 Thread 0x000001e17cc2f200 nmethod 3023 0x000001e1699b7510 code [0x000001e1699b76e0, 0x000001e1699b7c20]
Event: 12.340 Thread 0x000001e17cc2f200 3024       3       java.lang.invoke.MethodHandleNatives::linkCallSite (65 bytes)
Event: 12.340 Thread 0x000001e17cc2f200 nmethod 3024 0x000001e1699b7d90 code [0x000001e1699b7f80, 0x000001e1699b84c8]
Event: 12.340 Thread 0x000001e17cc2f200 3026       3       java.util.Properties$LineReader::readLine (584 bytes)
Event: 12.343 Thread 0x000001e17cc2f200 nmethod 3026 0x000001e1699b8690 code [0x000001e1699b8a80, 0x000001e1699bb338]
Event: 12.344 Thread 0x000001e17cc2f200 3025       3       java.lang.invoke.MethodHandleNatives::linkCallSiteImpl (119 bytes)
Event: 12.344 Thread 0x000001e17cc2f200 nmethod 3025 0x000001e1699bc010 code [0x000001e1699bc240, 0x000001e1699bcad0]
Event: 12.346 Thread 0x000001e17eafa770 3027       4       java.lang.String::contains (19 bytes)
Event: 12.349 Thread 0x000001e17eafa770 nmethod 3027 0x000001e170fdff90 code [0x000001e170fe0120, 0x000001e170fe03b0]
Event: 12.362 Thread 0x000001e17cc2f200 3029   !   3       java.io.FileOutputStream::write (47 bytes)
Event: 12.362 Thread 0x000001e17cc2f200 nmethod 3029 0x000001e1699bce90 code [0x000001e1699bd080, 0x000001e1699bd348]
Event: 12.362 Thread 0x000001e17cc2f200 3030       3       java.io.FileDescriptor$1::getAppend (5 bytes)
Event: 12.362 Thread 0x000001e17cc2f200 nmethod 3030 0x000001e1699bd510 code [0x000001e1699bd6a0, 0x000001e1699bd7b8]

GC Heap History (14 events):
Event: 3.473 GC heap before
{Heap before GC invocations=1 (full 0):
 PSYoungGen      total 29696K, used 25600K [0x00000000d5580000, 0x00000000d7680000, 0x0000000100000000)
  eden space 25600K, 100% used [0x00000000d5580000,0x00000000d6e80000,0x00000000d6e80000)
  from space 4096K, 0% used [0x00000000d7280000,0x00000000d7280000,0x00000000d7680000)
  to   space 4096K, 0% used [0x00000000d6e80000,0x00000000d6e80000,0x00000000d7280000)
 ParOldGen       total 68608K, used 0K [0x0000000080000000, 0x0000000084300000, 0x00000000d5580000)
  object space 68608K, 0% used [0x0000000080000000,0x0000000080000000,0x0000000084300000)
 Metaspace       used 4351K, committed 4608K, reserved 1114112K
  class space    used 475K, committed 576K, reserved 1048576K
}
Event: 3.527 GC heap after
{Heap after GC invocations=1 (full 0):
 PSYoungGen      total 29696K, used 3280K [0x00000000d5580000, 0x00000000d7680000, 0x0000000100000000)
  eden space 25600K, 0% used [0x00000000d5580000,0x00000000d5580000,0x00000000d6e80000)
  from space 4096K, 80% used [0x00000000d6e80000,0x00000000d71b4148,0x00000000d7280000)
  to   space 4096K, 0% used [0x00000000d7280000,0x00000000d7280000,0x00000000d7680000)
 ParOldGen       total 68608K, used 0K [0x0000000080000000, 0x0000000084300000, 0x00000000d5580000)
  object space 68608K, 0% used [0x0000000080000000,0x0000000080000000,0x0000000084300000)
 Metaspace       used 4351K, committed 4608K, reserved 1114112K
  class space    used 475K, committed 576K, reserved 1048576K
}
Event: 5.996 GC heap before
{Heap before GC invocations=2 (full 0):
 PSYoungGen      total 29696K, used 28880K [0x00000000d5580000, 0x00000000d7680000, 0x0000000100000000)
  eden space 25600K, 100% used [0x00000000d5580000,0x00000000d6e80000,0x00000000d6e80000)
  from space 4096K, 80% used [0x00000000d6e80000,0x00000000d71b4148,0x00000000d7280000)
  to   space 4096K, 0% used [0x00000000d7280000,0x00000000d7280000,0x00000000d7680000)
 ParOldGen       total 68608K, used 0K [0x0000000080000000, 0x0000000084300000, 0x00000000d5580000)
  object space 68608K, 0% used [0x0000000080000000,0x0000000080000000,0x0000000084300000)
 Metaspace       used 8216K, committed 8512K, reserved 1114112K
  class space    used 871K, committed 1024K, reserved 1048576K
}
Event: 6.004 GC heap after
{Heap after GC invocations=2 (full 0):
 PSYoungGen      total 29696K, used 4071K [0x00000000d5580000, 0x00000000d7680000, 0x0000000100000000)
  eden space 25600K, 0% used [0x00000000d5580000,0x00000000d5580000,0x00000000d6e80000)
  from space 4096K, 99% used [0x00000000d7280000,0x00000000d7679e98,0x00000000d7680000)
  to   space 4096K, 0% used [0x00000000d6e80000,0x00000000d6e80000,0x00000000d7280000)
 ParOldGen       total 68608K, used 1082K [0x0000000080000000, 0x0000000084300000, 0x00000000d5580000)
  object space 68608K, 1% used [0x0000000080000000,0x000000008010e840,0x0000000084300000)
 Metaspace       used 8216K, committed 8512K, reserved 1114112K
  class space    used 871K, committed 1024K, reserved 1048576K
}
Event: 7.455 GC heap before
{Heap before GC invocations=3 (full 0):
 PSYoungGen      total 29696K, used 29671K [0x00000000d5580000, 0x00000000d7680000, 0x0000000100000000)
  eden space 25600K, 100% used [0x00000000d5580000,0x00000000d6e80000,0x00000000d6e80000)
  from space 4096K, 99% used [0x00000000d7280000,0x00000000d7679e98,0x00000000d7680000)
  to   space 4096K, 0% used [0x00000000d6e80000,0x00000000d6e80000,0x00000000d7280000)
 ParOldGen       total 68608K, used 1082K [0x0000000080000000, 0x0000000084300000, 0x00000000d5580000)
  object space 68608K, 1% used [0x0000000080000000,0x000000008010e840,0x0000000084300000)
 Metaspace       used 13089K, committed 13696K, reserved 1114112K
  class space    used 1383K, committed 1664K, reserved 1048576K
}
Event: 7.462 GC heap after
{Heap after GC invocations=3 (full 0):
 PSYoungGen      total 29696K, used 4093K [0x00000000d5580000, 0x00000000d7680000, 0x0000000100000000)
  eden space 25600K, 0% used [0x00000000d5580000,0x00000000d5580000,0x00000000d6e80000)
  from space 4096K, 99% used [0x00000000d6e80000,0x00000000d727f4d0,0x00000000d7280000)
  to   space 4096K, 0% used [0x00000000d7280000,0x00000000d7280000,0x00000000d7680000)
 ParOldGen       total 68608K, used 2800K [0x0000000080000000, 0x0000000084300000, 0x00000000d5580000)
  object space 68608K, 4% used [0x0000000080000000,0x00000000802bc290,0x0000000084300000)
 Metaspace       used 13089K, committed 13696K, reserved 1114112K
  class space    used 1383K, committed 1664K, reserved 1048576K
}
Event: 8.527 GC heap before
{Heap before GC invocations=4 (full 0):
 PSYoungGen      total 29696K, used 29693K [0x00000000d5580000, 0x00000000d7680000, 0x0000000100000000)
  eden space 25600K, 100% used [0x00000000d5580000,0x00000000d6e80000,0x00000000d6e80000)
  from space 4096K, 99% used [0x00000000d6e80000,0x00000000d727f4d0,0x00000000d7280000)
  to   space 4096K, 0% used [0x00000000d7280000,0x00000000d7280000,0x00000000d7680000)
 ParOldGen       total 68608K, used 2800K [0x0000000080000000, 0x0000000084300000, 0x00000000d5580000)
  object space 68608K, 4% used [0x0000000080000000,0x00000000802bc290,0x0000000084300000)
 Metaspace       used 15989K, committed 16576K, reserved 1114112K
  class space    used 1658K, committed 1920K, reserved 1048576K
}
Event: 8.535 GC heap after
{Heap after GC invocations=4 (full 0):
 PSYoungGen      total 29696K, used 4095K [0x00000000d5580000, 0x00000000d7680000, 0x0000000100000000)
  eden space 25600K, 0% used [0x00000000d5580000,0x00000000d5580000,0x00000000d6e80000)
  from space 4096K, 99% used [0x00000000d7280000,0x00000000d767fd10,0x00000000d7680000)
  to   space 4096K, 0% used [0x00000000d6e80000,0x00000000d6e80000,0x00000000d7280000)
 ParOldGen       total 68608K, used 5269K [0x0000000080000000, 0x0000000084300000, 0x00000000d5580000)
  object space 68608K, 7% used [0x0000000080000000,0x0000000080525758,0x0000000084300000)
 Metaspace       used 15989K, committed 16576K, reserved 1114112K
  class space    used 1658K, committed 1920K, reserved 1048576K
}
Event: 9.215 GC heap before
{Heap before GC invocations=5 (full 0):
 PSYoungGen      total 29696K, used 29695K [0x00000000d5580000, 0x00000000d7680000, 0x0000000100000000)
  eden space 25600K, 100% used [0x00000000d5580000,0x00000000d6e80000,0x00000000d6e80000)
  from space 4096K, 99% used [0x00000000d7280000,0x00000000d767fd10,0x00000000d7680000)
  to   space 4096K, 0% used [0x00000000d6e80000,0x00000000d6e80000,0x00000000d7280000)
 ParOldGen       total 68608K, used 5269K [0x0000000080000000, 0x0000000084300000, 0x00000000d5580000)
  object space 68608K, 7% used [0x0000000080000000,0x0000000080525758,0x0000000084300000)
 Metaspace       used 20239K, committed 20864K, reserved 1114112K
  class space    used 1970K, committed 2240K, reserved 1048576K
}
Event: 9.221 GC heap after
{Heap after GC invocations=5 (full 0):
 PSYoungGen      total 29184K, used 4076K [0x00000000d5580000, 0x00000000d7900000, 0x0000000100000000)
  eden space 25088K, 0% used [0x00000000d5580000,0x00000000d5580000,0x00000000d6e00000)
  from space 4096K, 99% used [0x00000000d6e80000,0x00000000d727b3c8,0x00000000d7280000)
  to   space 5632K, 0% used [0x00000000d7380000,0x00000000d7380000,0x00000000d7900000)
 ParOldGen       total 68608K, used 5703K [0x0000000080000000, 0x0000000084300000, 0x00000000d5580000)
  object space 68608K, 8% used [0x0000000080000000,0x0000000080591cc0,0x0000000084300000)
 Metaspace       used 20239K, committed 20864K, reserved 1114112K
  class space    used 1970K, committed 2240K, reserved 1048576K
}
Event: 9.623 GC heap before
{Heap before GC invocations=6 (full 0):
 PSYoungGen      total 29184K, used 22484K [0x00000000d5580000, 0x00000000d7900000, 0x0000000100000000)
  eden space 25088K, 73% used [0x00000000d5580000,0x00000000d6779d50,0x00000000d6e00000)
  from space 4096K, 99% used [0x00000000d6e80000,0x00000000d727b3c8,0x00000000d7280000)
  to   space 5632K, 0% used [0x00000000d7380000,0x00000000d7380000,0x00000000d7900000)
 ParOldGen       total 68608K, used 5703K [0x0000000080000000, 0x0000000084300000, 0x00000000d5580000)
  object space 68608K, 8% used [0x0000000080000000,0x0000000080591cc0,0x0000000084300000)
 Metaspace       used 20902K, committed 21504K, reserved 1114112K
  class space    used 2003K, committed 2304K, reserved 1048576K
}
Event: 9.636 GC heap after
{Heap after GC invocations=6 (full 0):
 PSYoungGen      total 30720K, used 5306K [0x00000000d5580000, 0x00000000d7900000, 0x0000000100000000)
  eden space 25088K, 0% used [0x00000000d5580000,0x00000000d5580000,0x00000000d6e00000)
  from space 5632K, 94% used [0x00000000d7380000,0x00000000d78ae8b8,0x00000000d7900000)
  to   space 5632K, 0% used [0x00000000d6e00000,0x00000000d6e00000,0x00000000d7380000)
 ParOldGen       total 68608K, used 6492K [0x0000000080000000, 0x0000000084300000, 0x00000000d5580000)
  object space 68608K, 9% used [0x0000000080000000,0x00000000806571d0,0x0000000084300000)
 Metaspace       used 20902K, committed 21504K, reserved 1114112K
  class space    used 2003K, committed 2304K, reserved 1048576K
}
Event: 9.636 GC heap before
{Heap before GC invocations=7 (full 1):
 PSYoungGen      total 30720K, used 5306K [0x00000000d5580000, 0x00000000d7900000, 0x0000000100000000)
  eden space 25088K, 0% used [0x00000000d5580000,0x00000000d5580000,0x00000000d6e00000)
  from space 5632K, 94% used [0x00000000d7380000,0x00000000d78ae8b8,0x00000000d7900000)
  to   space 5632K, 0% used [0x00000000d6e00000,0x00000000d6e00000,0x00000000d7380000)
 ParOldGen       total 68608K, used 6492K [0x0000000080000000, 0x0000000084300000, 0x00000000d5580000)
  object space 68608K, 9% used [0x0000000080000000,0x00000000806571d0,0x0000000084300000)
 Metaspace       used 20902K, committed 21504K, reserved 1114112K
  class space    used 2003K, committed 2304K, reserved 1048576K
}
Event: 9.677 GC heap after
{Heap after GC invocations=7 (full 1):
 PSYoungGen      total 30720K, used 0K [0x00000000d5580000, 0x00000000d7900000, 0x0000000100000000)
  eden space 25088K, 0% used [0x00000000d5580000,0x00000000d5580000,0x00000000d6e00000)
  from space 5632K, 0% used [0x00000000d7380000,0x00000000d7380000,0x00000000d7900000)
  to   space 5632K, 0% used [0x00000000d6e00000,0x00000000d6e00000,0x00000000d7380000)
 ParOldGen       total 68608K, used 10103K [0x0000000080000000, 0x0000000084300000, 0x00000000d5580000)
  object space 68608K, 14% used [0x0000000080000000,0x00000000809ddf78,0x0000000084300000)
 Metaspace       used 20889K, committed 21504K, reserved 1114112K
  class space    used 1999K, committed 2304K, reserved 1048576K
}

Dll operation events (19 events):
Event: 0.036 Attempting to load shared library c:\Users\ACER\.vscode\extensions\redhat.java-1.56.0-win32-x64\jre\21.0.12.1-win32-x86_64\bin\java.dll
Event: 0.036 Loaded shared library c:\Users\ACER\.vscode\extensions\redhat.java-1.56.0-win32-x64\jre\21.0.12.1-win32-x86_64\bin\java.dll
Event: 0.301 Attempting to load shared library c:\Users\ACER\.vscode\extensions\redhat.java-1.56.0-win32-x64\jre\21.0.12.1-win32-x86_64\bin\zip.dll
Event: 0.301 Loaded shared library c:\Users\ACER\.vscode\extensions\redhat.java-1.56.0-win32-x64\jre\21.0.12.1-win32-x86_64\bin\zip.dll
Event: 0.354 Attempting to load shared library C:\Users\ACER\.vscode\extensions\redhat.java-1.56.0-win32-x64\jre\21.0.12.1-win32-x86_64\bin\instrument.dll
Event: 0.354 Loaded shared library C:\Users\ACER\.vscode\extensions\redhat.java-1.56.0-win32-x64\jre\21.0.12.1-win32-x86_64\bin\instrument.dll
Event: 0.374 Attempting to load shared library C:\Users\ACER\.vscode\extensions\redhat.java-1.56.0-win32-x64\jre\21.0.12.1-win32-x86_64\bin\net.dll
Event: 0.375 Loaded shared library C:\Users\ACER\.vscode\extensions\redhat.java-1.56.0-win32-x64\jre\21.0.12.1-win32-x86_64\bin\net.dll
Event: 0.382 Attempting to load shared library C:\Users\ACER\.vscode\extensions\redhat.java-1.56.0-win32-x64\jre\21.0.12.1-win32-x86_64\bin\nio.dll
Event: 0.382 Loaded shared library C:\Users\ACER\.vscode\extensions\redhat.java-1.56.0-win32-x64\jre\21.0.12.1-win32-x86_64\bin\nio.dll
Event: 0.389 Attempting to load shared library C:\Users\ACER\.vscode\extensions\redhat.java-1.56.0-win32-x64\jre\21.0.12.1-win32-x86_64\bin\zip.dll
Event: 0.389 Loaded shared library C:\Users\ACER\.vscode\extensions\redhat.java-1.56.0-win32-x64\jre\21.0.12.1-win32-x86_64\bin\zip.dll
Event: 0.449 Attempting to load shared library C:\Users\ACER\.vscode\extensions\redhat.java-1.56.0-win32-x64\jre\21.0.12.1-win32-x86_64\bin\jimage.dll
Event: 0.449 Loaded shared library C:\Users\ACER\.vscode\extensions\redhat.java-1.56.0-win32-x64\jre\21.0.12.1-win32-x86_64\bin\jimage.dll
Event: 0.656 Attempting to load shared library c:\Users\ACER\.vscode\extensions\redhat.java-1.56.0-win32-x64\jre\21.0.12.1-win32-x86_64\bin\verify.dll
Event: 0.659 Loaded shared library c:\Users\ACER\.vscode\extensions\redhat.java-1.56.0-win32-x64\jre\21.0.12.1-win32-x86_64\bin\verify.dll
Event: 5.927 Attempting to load shared library C:\Users\ACER\AppData\Roaming\Code\User\globalStorage\redhat.java\1.56.0\config_ss_win\org.eclipse.equinox.launcher\org.eclipse.equinox.launcher.win32.win32.x86_64_1.3.100.v20260804-1928\eclipse_11924.dll
Event: 5.932 Loaded shared library C:\Users\ACER\AppData\Roaming\Code\User\globalStorage\redhat.java\1.56.0\config_ss_win\org.eclipse.equinox.launcher\org.eclipse.equinox.launcher.win32.win32.x86_64_1.3.100.v20260804-1928\eclipse_11924.dll
Event: 12.364 Attempting to load shared library C:\Users\ACER\AppData\Local\Temp\jna-2003023\jna18315070316509391454.dll

Deoptimization events (20 events):
Event: 11.792 Thread 0x000001e17e139410 Uncommon trap: trap_request=0xffffffc6 fr.pc=0x000001e170f45534 relative=0x0000000000000954
Event: 11.792 Thread 0x000001e17e139410 Uncommon trap: reason=bimorphic_or_optimized_type_check action=maybe_recompile pc=0x000001e170f45534 method=java.util.HashMap.putVal(ILjava/lang/Object;Ljava/lang/Object;ZZ)Ljava/lang/Object; @ 56 c2
Event: 11.792 Thread 0x000001e17e139410 DEOPT PACKING pc=0x000001e170f45534 sp=0x00000077451fdc20
Event: 11.792 Thread 0x000001e17e139410 DEOPT UNPACKING pc=0x000001e170943aa2 sp=0x00000077451fdb20 mode 2
Event: 11.792 Thread 0x000001e17e139410 Uncommon trap: trap_request=0xffffffc6 fr.pc=0x000001e170f45534 relative=0x0000000000000954
Event: 11.792 Thread 0x000001e17e139410 Uncommon trap: reason=bimorphic_or_optimized_type_check action=maybe_recompile pc=0x000001e170f45534 method=java.util.HashMap.putVal(ILjava/lang/Object;Ljava/lang/Object;ZZ)Ljava/lang/Object; @ 56 c2
Event: 11.792 Thread 0x000001e17e139410 DEOPT PACKING pc=0x000001e170f45534 sp=0x00000077451fdc20
Event: 11.792 Thread 0x000001e17e139410 DEOPT UNPACKING pc=0x000001e170943aa2 sp=0x00000077451fdb20 mode 2
Event: 12.238 Thread 0x000001e17e139410 Uncommon trap: trap_request=0xffffffde fr.pc=0x000001e170f9cf8c relative=0x000000000000042c
Event: 12.238 Thread 0x000001e17e139410 Uncommon trap: reason=class_check action=maybe_recompile pc=0x000001e170f9cf8c method=java.lang.String.<init>(Ljava/lang/AbstractStringBuilder;Ljava/lang/Void;)V @ 10 c2
Event: 12.238 Thread 0x000001e17e139410 DEOPT PACKING pc=0x000001e170f9cf8c sp=0x00000077451fe6c0
Event: 12.238 Thread 0x000001e17e139410 DEOPT UNPACKING pc=0x000001e170943aa2 sp=0x00000077451fe690 mode 2
Event: 12.340 Thread 0x000001e17e139410 Uncommon trap: trap_request=0xffffff45 fr.pc=0x000001e170fb91ac relative=0x0000000000000f2c
Event: 12.340 Thread 0x000001e17e139410 Uncommon trap: reason=unstable_if action=reinterpret pc=0x000001e170fb91ac method=java.util.Properties$LineReader.readLine()I @ 256 c2
Event: 12.340 Thread 0x000001e17e139410 DEOPT PACKING pc=0x000001e170fb91ac sp=0x00000077451fb620
Event: 12.340 Thread 0x000001e17e139410 DEOPT UNPACKING pc=0x000001e170943aa2 sp=0x00000077451fb5c8 mode 2
Event: 12.350 Thread 0x000001e17e139410 Uncommon trap: trap_request=0xffffff45 fr.pc=0x000001e170ec7710 relative=0x0000000000000670
Event: 12.350 Thread 0x000001e17e139410 Uncommon trap: reason=unstable_if action=reinterpret pc=0x000001e170ec7710 method=java.lang.String.replace(Ljava/lang/CharSequence;Ljava/lang/CharSequence;)Ljava/lang/String; @ 42 c2
Event: 12.350 Thread 0x000001e17e139410 DEOPT PACKING pc=0x000001e170ec7710 sp=0x00000077451fbb00
Event: 12.350 Thread 0x000001e17e139410 DEOPT UNPACKING pc=0x000001e170943aa2 sp=0x00000077451fba80 mode 2

Classes loaded (20 events):
Event: 12.256 Loading class com/sun/org/apache/xerces/internal/dom/DeferredAttrImpl
Event: 12.256 Loading class com/sun/org/apache/xerces/internal/dom/DeferredAttrImpl done
Event: 12.258 Loading class com/sun/org/apache/xerces/internal/dom/DeferredTextImpl
Event: 12.259 Loading class com/sun/org/apache/xerces/internal/dom/DeferredTextImpl done
Event: 12.277 Loading class java/lang/StackTraceElement$HashedModules
Event: 12.282 Loading class java/lang/StackTraceElement$HashedModules done
Event: 12.285 Loading class sun/nio/cs/UTF_8$Encoder
Event: 12.285 Loading class sun/nio/cs/UTF_8$Encoder done
Event: 12.287 Loading class java/io/FileOutputStream$1
Event: 12.287 Loading class java/io/FileOutputStream$1 done
Event: 12.331 Loading class java/nio/charset/IllegalCharsetNameException
Event: 12.331 Loading class java/nio/charset/IllegalCharsetNameException done
Event: 12.343 Loading class jdk/internal/logger/LoggerFinderLoader
Event: 12.343 Loading class jdk/internal/logger/LoggerFinderLoader done
Event: 12.344 Loading class jdk/internal/logger/LoggerFinderLoader$TemporaryLoggerFinder
Event: 12.344 Loading class jdk/internal/logger/LoggerFinderLoader$TemporaryLoggerFinder done
Event: 12.344 Loading class sun/util/logging/internal/LoggingProviderImpl$JULWrapper
Event: 12.345 Loading class sun/util/logging/internal/LoggingProviderImpl$JULWrapper done
Event: 12.351 Loading class java/io/File$TempDirectory
Event: 12.352 Loading class java/io/File$TempDirectory done

Classes unloaded (7 events):
Event: 9.644 Thread 0x000001e16627d680 Unloading class 0x000001e101190c00 'java/lang/invoke/LambdaForm$MH+0x000001e101190c00'
Event: 9.644 Thread 0x000001e16627d680 Unloading class 0x000001e101190800 'java/lang/invoke/LambdaForm$MH+0x000001e101190800'
Event: 9.644 Thread 0x000001e16627d680 Unloading class 0x000001e101190400 'java/lang/invoke/LambdaForm$MH+0x000001e101190400'
Event: 9.644 Thread 0x000001e16627d680 Unloading class 0x000001e101190000 'java/lang/invoke/LambdaForm$MH+0x000001e101190000'
Event: 9.644 Thread 0x000001e16627d680 Unloading class 0x000001e10118fc00 'java/lang/invoke/LambdaForm$BMH+0x000001e10118fc00'
Event: 9.644 Thread 0x000001e16627d680 Unloading class 0x000001e10118f800 'java/lang/invoke/LambdaForm$DMH+0x000001e10118f800'
Event: 9.644 Thread 0x000001e16627d680 Unloading class 0x000001e10118e400 'java/lang/invoke/LambdaForm$DMH+0x000001e10118e400'

Classes redefined (0 events):
No events

Internal exceptions (20 events):
Event: 8.053 Thread 0x000001e17e139410 Exception <a 'java/lang/NoSuchMethodError'{0x00000000d5ee3f08}: 'java.lang.Object java.lang.invoke.DirectMethodHandle$Holder.invokeSpecial(java.lang.Object, java.lang.Object, java.lang.Object, int, java.lang.Object, java.lang.Object)'> (0x00000000d5ee3f08) 
thrown [s\src\hotspot\share\interpreter\linkResolver.cpp, line 773]
Event: 8.077 Thread 0x000001e17e139410 Exception <a 'java/lang/NoSuchMethodError'{0x00000000d5eeb9e0}: 'java.lang.Object java.lang.invoke.DirectMethodHandle$Holder.newInvokeSpecial(java.lang.Object, java.lang.Object, java.lang.Object, int, java.lang.Object)'> (0x00000000d5eeb9e0) 
thrown [s\src\hotspot\share\interpreter\linkResolver.cpp, line 773]
Event: 8.078 Thread 0x000001e17e139410 Exception <a 'java/lang/NoSuchMethodError'{0x00000000d5eef960}: 'java.lang.Object java.lang.invoke.DirectMethodHandle$Holder.invokeSpecial(java.lang.Object, java.lang.Object, java.lang.Object, java.lang.Object, int, java.lang.Object)'> (0x00000000d5eef960) 
thrown [s\src\hotspot\share\interpreter\linkResolver.cpp, line 773]
Event: 8.078 Thread 0x000001e17e139410 Exception <a 'java/lang/NoSuchMethodError'{0x00000000d5ef34a0}: 'java.lang.Object java.lang.invoke.Invokers$Holder.linkToTargetMethod(java.lang.Object, java.lang.Object, int, java.lang.Object, java.lang.Object)'> (0x00000000d5ef34a0) 
thrown [s\src\hotspot\share\interpreter\linkResolver.cpp, line 773]
Event: 8.079 Thread 0x000001e17e3f3840 Exception <a 'java/lang/NoSuchMethodError'{0x00000000d5ec1748}: 'java.lang.Object java.lang.invoke.DirectMethodHandle$Holder.invokeSpecial(java.lang.Object, java.lang.Object, int, java.lang.Object, java.lang.Object)'> (0x00000000d5ec1748) 
thrown [s\src\hotspot\share\interpreter\linkResolver.cpp, line 773]
Event: 8.080 Thread 0x000001e17e3f3840 Exception <a 'java/lang/NoSuchMethodError'{0x00000000d5ec8480}: 'java.lang.Object java.lang.invoke.DirectMethodHandle$Holder.newInvokeSpecial(java.lang.Object, java.lang.Object, int, java.lang.Object)'> (0x00000000d5ec8480) 
thrown [s\src\hotspot\share\interpreter\linkResolver.cpp, line 773]
Event: 8.080 Thread 0x000001e17e3f3840 Exception <a 'java/lang/NoSuchMethodError'{0x00000000d5ecbd60}: 'java.lang.Object java.lang.invoke.DirectMethodHandle$Holder.invokeSpecial(java.lang.Object, java.lang.Object, java.lang.Object, int, java.lang.Object)'> (0x00000000d5ecbd60) 
thrown [s\src\hotspot\share\interpreter\linkResolver.cpp, line 773]
Event: 8.112 Thread 0x000001e17e139410 Exception <a 'java/lang/NoSuchMethodError'{0x00000000d6024208}: 'void java.lang.invoke.DirectMethodHandle$Holder.invokeSpecial(java.lang.Object, java.lang.Object, java.lang.Object, java.lang.Object, java.lang.Object)'> (0x00000000d6024208) 
thrown [s\src\hotspot\share\interpreter\linkResolver.cpp, line 773]
Event: 8.209 Thread 0x000001e17e139410 Exception <a 'java/lang/NoSuchMethodError'{0x00000000d624f260}: 'double java.lang.invoke.DirectMethodHandle$Holder.invokeStatic(java.lang.Object, java.lang.Object)'> (0x00000000d624f260) 
thrown [s\src\hotspot\share\interpreter\linkResolver.cpp, line 773]
Event: 8.209 Thread 0x000001e17e139410 Exception <a 'java/lang/NoSuchMethodError'{0x00000000d6252920}: 'double java.lang.invoke.DirectMethodHandle$Holder.invokeStaticInit(java.lang.Object, java.lang.Object)'> (0x00000000d6252920) 
thrown [s\src\hotspot\share\interpreter\linkResolver.cpp, line 773]
Event: 8.591 Thread 0x000001e17e139410 Exception <a 'java/io/FileNotFoundException'{0x00000000d5928a00}> (0x00000000d5928a00) 
thrown [s\src\hotspot\share\prims\jni.cpp, line 520]
Event: 8.591 Thread 0x000001e17e139410 Exception <a 'java/io/FileNotFoundException'{0x00000000d5929908}> (0x00000000d5929908) 
thrown [s\src\hotspot\share\prims\jni.cpp, line 520]
Event: 8.984 Thread 0x000001e17e139410 Implicit null exception at 0x000001e170f9f5f5 to 0x000001e170f9f6d0
Event: 9.369 Thread 0x000001e17e139410 Exception <a 'java/io/FileNotFoundException'{0x00000000d613f888}> (0x00000000d613f888) 
thrown [s\src\hotspot\share\prims\jni.cpp, line 520]
Event: 9.369 Thread 0x000001e17e139410 Exception <a 'java/io/FileNotFoundException'{0x00000000d6140c58}> (0x00000000d6140c58) 
thrown [s\src\hotspot\share\prims\jni.cpp, line 520]
Event: 9.765 Thread 0x000001e17e139410 Exception <a 'java/lang/NoSuchMethodError'{0x00000000d5771538}: 'java.lang.Object java.lang.invoke.DirectMethodHandle$Holder.newInvokeSpecial(java.lang.Object, int, java.lang.Object, java.lang.Object)'> (0x00000000d5771538) 
thrown [s\src\hotspot\share\interpreter\linkResolver.cpp, line 773]
Event: 11.844 Thread 0x000001e17e139410 Exception <a 'java/lang/NoSuchMethodError'{0x00000000d5b73fe0}: 'java.lang.Object java.lang.invoke.DirectMethodHandle$Holder.invokeStaticInit(java.lang.Object, int, int, int, int)'> (0x00000000d5b73fe0) 
thrown [s\src\hotspot\share\interpreter\linkResolver.cpp, line 773]
Event: 11.892 Thread 0x000001e17e139410 Exception <a 'java/lang/NoSuchMethodError'{0x00000000d5c119c0}: 'java.lang.Object java.lang.invoke.DirectMethodHandle$Holder.invokeStaticInit(java.lang.Object, java.lang.Object, int, int, int, int)'> (0x00000000d5c119c0) 
thrown [s\src\hotspot\share\interpreter\linkResolver.cpp, line 773]
Event: 12.086 Thread 0x000001e17e139410 Exception <a 'java/lang/ClassNotFoundException'{0x00000000d60bc358}: com/sun/org/apache/xml/internal/serializer/spi/XMLEntitiesProvider> (0x00000000d60bc358) 
thrown [s\src\hotspot\share\classfile\systemDictionary.cpp, line 313]
Event: 12.297 Thread 0x000001e17e139410 Exception <a 'java/io/FileNotFoundException'{0x00000000d6467ca0}> (0x00000000d6467ca0) 
thrown [s\src\hotspot\share\prims\jni.cpp, line 520]

ZGC Phase Switch (0 events):
No events

VM Operations (20 events):
Event: 7.711 Executing non-safepoint VM operation: HandshakeAllThreads (Deoptimize)
Event: 7.711 Executing non-safepoint VM operation: HandshakeAllThreads (Deoptimize) done
Event: 8.526 Executing safepoint VM operation: ParallelGCFailedAllocation (Allocation Failure)
Event: 8.535 Executing safepoint VM operation: ParallelGCFailedAllocation (Allocation Failure) done
Event: 9.215 Executing safepoint VM operation: ParallelGCFailedAllocation (Allocation Failure)
Event: 9.221 Executing safepoint VM operation: ParallelGCFailedAllocation (Allocation Failure) done
Event: 9.623 Executing safepoint VM operation: CollectForMetadataAllocation (Metadata GC Threshold)
Event: 9.677 Executing safepoint VM operation: CollectForMetadataAllocation (Metadata GC Threshold) done
Event: 9.678 Executing safepoint VM operation: CollectForMetadataAllocation (Metadata GC Threshold)
Event: 9.679 Executing safepoint VM operation: CollectForMetadataAllocation (Metadata GC Threshold) done
Event: 9.901 Executing non-safepoint VM operation: HandshakeAllThreads (Deoptimize)
Event: 11.791 Executing non-safepoint VM operation: HandshakeAllThreads (Deoptimize) done
Event: 11.791 Executing safepoint VM operation: Cleanup
Event: 11.791 Executing safepoint VM operation: Cleanup done
Event: 11.827 Executing non-safepoint VM operation: HandshakeAllThreads (Deoptimize)
Event: 11.828 Executing non-safepoint VM operation: HandshakeAllThreads (Deoptimize) done
Event: 12.167 Executing non-safepoint VM operation: HandshakeAllThreads (Deoptimize)
Event: 12.167 Executing non-safepoint VM operation: HandshakeAllThreads (Deoptimize) done
Event: 12.258 Executing non-safepoint VM operation: HandshakeAllThreads (Deoptimize)
Event: 12.258 Executing non-safepoint VM operation: HandshakeAllThreads (Deoptimize) done

Memory protections (0 events):
No events

Nmethod flushes (0 events):
No events

Events (20 events):
Event: 2.498 Thread 0x000001e17db39380 Thread exited: 0x000001e17db39380
Event: 3.164 Thread 0x000001e17cbb8990 Thread added: 0x000001e17db0a620
Event: 3.461 Thread 0x000001e17db0a620 Thread exited: 0x000001e17db0a620
Event: 4.179 Thread 0x000001e17cc2f200 Thread added: 0x000001e17dcaeef0
Event: 4.489 Thread 0x000001e17dcaeef0 Thread exited: 0x000001e17dcaeef0
Event: 4.981 Thread 0x000001e1661bac80 Thread added: 0x000001e17e1f2a70
Event: 5.912 Thread 0x000001e1661bac80 Thread added: 0x000001e17e138580
Event: 5.922 Thread 0x000001e1661bac80 Thread added: 0x000001e17e139410
Event: 6.025 Thread 0x000001e17e139410 Thread added: 0x000001e17e64c150
Event: 6.552 Thread 0x000001e17cbb8990 Thread added: 0x000001e17de7e8e0
Event: 6.788 Thread 0x000001e17de7e8e0 Thread exited: 0x000001e17de7e8e0
Event: 7.195 Thread 0x000001e17e139410 Thread added: 0x000001e17e690ab0
Event: 7.719 Thread 0x000001e17cc2f200 Thread added: 0x000001e17e3f3310
Event: 7.983 Thread 0x000001e17e3f3310 Thread exited: 0x000001e17e3f3310
Event: 8.023 Thread 0x000001e17e139410 Thread added: 0x000001e17e3f3840
Event: 8.081 Thread 0x000001e17e139410 Thread added: 0x000001e17e41e930
Event: 9.699 Thread 0x000001e17e139410 Thread added: 0x000001e17e9a9b20
Event: 9.856 Thread 0x000001e17e3f3840 Thread added: 0x000001e17e9abbf0
Event: 11.804 Thread 0x000001e17e9a9b20 Thread exited: 0x000001e17e9a9b20
Event: 11.857 Thread 0x000001e17cbb8990 Thread added: 0x000001e17eafa770


Dynamic libraries:
0x00007ff6d2a60000 - 0x00007ff6d2a6e000 	c:\Users\ACER\.vscode\extensions\redhat.java-1.56.0-win32-x64\jre\21.0.12.1-win32-x86_64\bin\java.exe
0x00007ffeb1780000 - 0x00007ffeb19e6000 	C:\Windows\SYSTEM32\ntdll.dll
0x00007ffeaf670000 - 0x00007ffeaf739000 	C:\Windows\System32\KERNEL32.DLL
0x00007ffeaeb90000 - 0x00007ffeaef90000 	C:\Windows\System32\KERNELBASE.dll
0x00007ffeae9a0000 - 0x00007ffeaeaec000 	C:\Windows\System32\ucrtbase.dll
0x00007ffe90e50000 - 0x00007ffe90e68000 	c:\Users\ACER\.vscode\extensions\redhat.java-1.56.0-win32-x64\jre\21.0.12.1-win32-x86_64\bin\jli.dll
0x00007ffeb0f80000 - 0x00007ffeb1147000 	C:\Windows\System32\USER32.dll
0x00007ffeaf120000 - 0x00007ffeaf147000 	C:\Windows\System32\win32u.dll
0x00007ffeb1230000 - 0x00007ffeb125b000 	C:\Windows\System32\GDI32.dll
0x00007ffeaf2c0000 - 0x00007ffeaf3e9000 	C:\Windows\System32\gdi32full.dll
0x00007ffeaf150000 - 0x00007ffeaf1f3000 	C:\Windows\System32\msvcp_win.dll
0x00007ffe8e680000 - 0x00007ffe8e69e000 	c:\Users\ACER\.vscode\extensions\redhat.java-1.56.0-win32-x64\jre\21.0.12.1-win32-x86_64\bin\VCRUNTIME140.dll
0x00007ffe9a9a0000 - 0x00007ffe9ac32000 	C:\Windows\WinSxS\amd64_microsoft.windows.common-controls_6595b64144ccf1df_6.0.26100.8737_none_3e092eaee333b772\COMCTL32.dll
0x00007ffeaf5c0000 - 0x00007ffeaf669000 	C:\Windows\System32\msvcrt.dll
0x00007ffeb1400000 - 0x00007ffeb1432000 	C:\Windows\System32\IMM32.DLL
0x00007ffea50a0000 - 0x00007ffea50ac000 	c:\Users\ACER\.vscode\extensions\redhat.java-1.56.0-win32-x64\jre\21.0.12.1-win32-x86_64\bin\vcruntime140_1.dll
0x00007ffe59080000 - 0x00007ffe5910d000 	c:\Users\ACER\.vscode\extensions\redhat.java-1.56.0-win32-x64\jre\21.0.12.1-win32-x86_64\bin\msvcp140.dll
0x00007ffe306c0000 - 0x00007ffe31462000 	c:\Users\ACER\.vscode\extensions\redhat.java-1.56.0-win32-x64\jre\21.0.12.1-win32-x86_64\bin\server\jvm.dll
0x00007ffeb0cc0000 - 0x00007ffeb0d77000 	C:\Windows\System32\ADVAPI32.dll
0x00007ffeb15d0000 - 0x00007ffeb167a000 	C:\Windows\System32\sechost.dll
0x00007ffeb12b0000 - 0x00007ffeb13c8000 	C:\Windows\System32\RPCRT4.dll
0x00007ffeb0e00000 - 0x00007ffeb0e80000 	C:\Windows\System32\WS2_32.dll
0x00007ffeae800000 - 0x00007ffeae85e000 	C:\Windows\SYSTEM32\POWRPROF.dll
0x00007ffea7e30000 - 0x00007ffea7e66000 	C:\Windows\SYSTEM32\WINMM.dll
0x00007ffea7e70000 - 0x00007ffea7e7b000 	C:\Windows\SYSTEM32\VERSION.dll
0x00007ffeae7e0000 - 0x00007ffeae7f4000 	C:\Windows\SYSTEM32\UMPDC.dll
0x00007ffead680000 - 0x00007ffead69b000 	C:\Windows\SYSTEM32\kernel.appcore.dll
0x00007ffea4b00000 - 0x00007ffea4b0a000 	c:\Users\ACER\.vscode\extensions\redhat.java-1.56.0-win32-x64\jre\21.0.12.1-win32-x86_64\bin\jimage.dll
0x00007ffe630f0000 - 0x00007ffe63332000 	C:\Windows\SYSTEM32\DBGHELP.DLL
0x00007ffeafdd0000 - 0x00007ffeb0153000 	C:\Windows\System32\combase.dll
0x00007ffeb1150000 - 0x00007ffeb1229000 	C:\Windows\System32\OLEAUT32.dll
0x00007ffe945e0000 - 0x00007ffe9461b000 	C:\Windows\SYSTEM32\dbgcore.DLL
0x00007ffeaf3f0000 - 0x00007ffeaf49c000 	C:\Windows\System32\bcryptPrimitives.dll
0x00007ffe96750000 - 0x00007ffe9675f000 	c:\Users\ACER\.vscode\extensions\redhat.java-1.56.0-win32-x64\jre\21.0.12.1-win32-x86_64\bin\instrument.dll
0x00007ffe8c170000 - 0x00007ffe8c190000 	c:\Users\ACER\.vscode\extensions\redhat.java-1.56.0-win32-x64\jre\21.0.12.1-win32-x86_64\bin\java.dll
0x00007ffeb0380000 - 0x00007ffeb0b12000 	C:\Windows\System32\SHELL32.dll
0x00007ffeac480000 - 0x00007ffeacd12000 	C:\Windows\SYSTEM32\windows.storage.dll
0x00007ffeb14d0000 - 0x00007ffeb15c7000 	C:\Windows\System32\SHCORE.dll
0x00007ffeaf760000 - 0x00007ffeaf7c7000 	C:\Windows\System32\shlwapi.dll
0x00007ffeae8c0000 - 0x00007ffeae8e9000 	C:\Windows\SYSTEM32\profapi.dll
0x00007ffe8be10000 - 0x00007ffe8be28000 	c:\Users\ACER\.vscode\extensions\redhat.java-1.56.0-win32-x64\jre\21.0.12.1-win32-x86_64\bin\zip.dll
0x00007ffea4930000 - 0x00007ffea4940000 	C:\Users\ACER\.vscode\extensions\redhat.java-1.56.0-win32-x64\jre\21.0.12.1-win32-x86_64\bin\net.dll
0x00007ffea4c20000 - 0x00007ffea4d49000 	C:\Windows\SYSTEM32\WINHTTP.dll
0x00007ffeadc30000 - 0x00007ffeadc9c000 	C:\Windows\system32\mswsock.dll
0x00007ffe87e00000 - 0x00007ffe87e16000 	C:\Users\ACER\.vscode\extensions\redhat.java-1.56.0-win32-x64\jre\21.0.12.1-win32-x86_64\bin\nio.dll
0x00007ffe92270000 - 0x00007ffe92280000 	c:\Users\ACER\.vscode\extensions\redhat.java-1.56.0-win32-x64\jre\21.0.12.1-win32-x86_64\bin\verify.dll
0x00007ffe5f260000 - 0x00007ffe5f2a5000 	C:\Users\ACER\AppData\Roaming\Code\User\globalStorage\redhat.java\1.56.0\config_ss_win\org.eclipse.equinox.launcher\org.eclipse.equinox.launcher.win32.win32.x86_64_1.3.100.v20260804-1928\eclipse_11924.dll
0x00007ffeb0b20000 - 0x00007ffeb0cb9000 	C:\Windows\System32\ole32.dll
0x00007ffeadf30000 - 0x00007ffeadf4b000 	C:\Windows\SYSTEM32\CRYPTSP.dll
0x00007ffead5e0000 - 0x00007ffead619000 	C:\Windows\system32\rsaenh.dll
0x00007ffeadcf0000 - 0x00007ffeadd22000 	C:\Windows\SYSTEM32\USERENV.dll
0x00007ffeae890000 - 0x00007ffeae8ba000 	C:\Windows\SYSTEM32\bcrypt.dll
0x00007ffeadf50000 - 0x00007ffeadf5c000 	C:\Windows\SYSTEM32\CRYPTBASE.dll
0x00007ffead050000 - 0x00007ffead083000 	C:\Windows\SYSTEM32\IPHLPAPI.DLL
0x00007ffeb0340000 - 0x00007ffeb034a000 	C:\Windows\System32\NSI.dll
0x00007ffe846f0000 - 0x00007ffe84739000 	C:\Users\ACER\AppData\Local\Temp\jna-2003023\jna18315070316509391454.dll
0x00007ffeaf5b0000 - 0x00007ffeaf5b8000 	C:\Windows\System32\PSAPI.DLL

JVMTI agents:
c:\Users\ACER\.vscode\extensions\redhat.java-1.56.0-win32-x64\lombok\lombok-1.18.39-4050.jar path:c:\Users\ACER\.vscode\extensions\redhat.java-1.56.0-win32-x64\jre\21.0.12.1-win32-x86_64\bin\instrument.dll, loaded, initialized, instrumentlib options:none

dbghelp: loaded successfully - version: 4.0.5 - missing functions: none
symbol engine: initialized successfully - sym options: 0x614 - pdb path: .;c:\Users\ACER\.vscode\extensions\redhat.java-1.56.0-win32-x64\jre\21.0.12.1-win32-x86_64\bin;C:\Windows\SYSTEM32;C:\Windows\WinSxS\amd64_microsoft.windows.common-controls_6595b64144ccf1df_6.0.26100.8737_none_3e092eaee333b772;c:\Users\ACER\.vscode\extensions\redhat.java-1.56.0-win32-x64\jre\21.0.12.1-win32-x86_64\bin\server;C:\Users\ACER\AppData\Roaming\Code\User\globalStorage\redhat.java\1.56.0\config_ss_win\org.eclipse.equinox.launcher\org.eclipse.equinox.launcher.win32.win32.x86_64_1.3.100.v20260804-1928;C:\Users\ACER\AppData\Local\Temp\jna-2003023

VM Arguments:
jvm_args: --add-modules=ALL-SYSTEM --add-opens=java.base/java.util=ALL-UNNAMED --add-opens=java.base/java.lang=ALL-UNNAMED --add-opens=java.base/sun.nio.fs=ALL-UNNAMED -Declipse.application=org.eclipse.jdt.ls.core.id1 -Dosgi.bundles.defaultStartLevel=4 -Declipse.product=org.eclipse.jdt.ls.core.product -Djava.import.generatesMetadataFilesAtProjectRoot=false -Dm2e.project.cache.size=50 -DDetectVMInstallationsJob.disabled=true -Dfile.encoding=utf8 -XX:+UseParallelGC -XX:GCTimeRatio=4 -XX:AdaptiveSizePolicyWeight=90 -Dsun.zip.disableMemoryMapping=true -Xmx2G -Xms100m -Xlog:disable -javaagent:c:\Users\ACER\.vscode\extensions\redhat.java-1.56.0-win32-x64\lombok\lombok-1.18.39-4050.jar 
java_command: c:\Users\ACER\.vscode\extensions\redhat.java-1.56.0-win32-x64\server\plugins\org.eclipse.equinox.launcher_1.8.0.v20260804-1928.jar -configuration c:\Users\ACER\AppData\Roaming\Code\User\globalStorage\redhat.java\1.56.0\config_ss_win -data c:\Users\ACER\AppData\Roaming\Code\User\workspaceStorage\ce63b1d7b09725d05b5ff70fb3df8885\redhat.java\ss_ws --pipe=\\.\pipe\lsp-0aca2265fe84dd3790c6316938c0bb3c-sock
java_class_path (initial): c:\Users\ACER\.vscode\extensions\redhat.java-1.56.0-win32-x64\server\plugins\org.eclipse.equinox.launcher_1.8.0.v20260804-1928.jar
Launcher Type: SUN_STANDARD

[Global flags]
    uintx AdaptiveSizePolicyWeight                 = 90                                        {product} {command line}
     intx CICompilerCount                          = 3                                         {product} {ergonomic}
    uintx GCTimeRatio                              = 4                                         {product} {command line}
   size_t InitialHeapSize                          = 104857600                                 {product} {command line}
   size_t MaxHeapSize                              = 2147483648                                {product} {command line}
   size_t MaxNewSize                               = 715653120                                 {product} {ergonomic}
   size_t MinHeapDeltaBytes                        = 524288                                    {product} {ergonomic}
   size_t MinHeapSize                              = 104857600                                 {product} {command line}
   size_t NewSize                                  = 34603008                                  {product} {ergonomic}
    uintx NonNMethodCodeHeapSize                   = 5832780                                {pd product} {ergonomic}
    uintx NonProfiledCodeHeapSize                  = 122912730                              {pd product} {ergonomic}
   size_t OldSize                                  = 70254592                                  {product} {ergonomic}
    uintx ProfiledCodeHeapSize                     = 122912730                              {pd product} {ergonomic}
    uintx ReservedCodeCacheSize                    = 251658240                              {pd product} {ergonomic}
     bool SegmentedCodeCache                       = true                                      {product} {ergonomic}
   size_t SoftMaxHeapSize                          = 2147483648                             {manageable} {ergonomic}
     bool UseCompressedOops                        = true                           {product lp64_product} {ergonomic}
     bool UseLargePagesIndividualAllocation        = false                                  {pd product} {ergonomic}
     bool UseParallelGC                            = true                                      {product} {command line}

Logging:
Log output configuration:
 #0: stdout all=off uptime,level,tags foldmultilines=false
 #1: stderr all=off uptime,level,tags foldmultilines=false

Release file:
JAVA_VERSION="21.0.12.1" 
MODULES="java.base java.compiler java.datatransfer java.xml java.prefs java.desktop java.instrument java.logging java.management java.security.sasl java.naming java.rmi java.management.rmi java.net.http java.scripting java.security.jgss java.transaction.xa java.sql java.sql.rowset java.xml.crypto java.se java.smartcardio jdk.accessibility jdk.internal.jvmstat jdk.attach jdk.charsets jdk.internal.opt jdk.zipfs jdk.compiler jdk.crypto.ec jdk.crypto.cryptoki jdk.crypto.mscapi jdk.dynalink jdk.internal.ed jdk.editpad jdk.hotspot.agent jdk.httpserver jdk.internal.le jdk.internal.vm.ci jdk.internal.vm.compiler jdk.internal.vm.compiler.management jdk.jartool jdk.javadoc jdk.jcmd jdk.management jdk.management.agent jdk.jconsole jdk.jdeps jdk.jdwp.agent jdk.jdi jdk.jfr jdk.jshell jdk.jsobject jdk.jstatd jdk.localedata jdk.management.jfr jdk.naming.dns jdk.naming.rmi jdk.net jdk.nio.mapmode jdk.random jdk.sctp jdk.security.auth jdk.security.jgss jdk.unsupported jdk.unsupported.desktop jdk.xml.dom" 

Environment Variables:
PATH=C:\Program Files\Common Files\Oracle\Java\javapath;C:\Windows\system32;C:\Windows;C:\Windows\System32\Wbem;C:\Windows\System32\WindowsPowerShell\v1.0\;C:\Windows\System32\OpenSSH\;C:\Program Files\Git\cmd;C:\Program Files\nodejs\;C:\ffmpeg\bin;C:\Program Files (x86)\cloudflared\;C:\Users\ACER\AppData\Local\Microsoft\WindowsApps;C:\Users\ACER\AppData\Local\Programs\Microsoft VS Code\bin;C:\Users\ACER\AppData\Local\Python\bin;C:\Users\ACER\AppData\Roaming\npm;C:\Users\ACER\AppData\Local\Programs\cursor\resources\app\bin
USERNAME=ACER
OS=Windows_NT
PROCESSOR_IDENTIFIER=AMD64 Family 23 Model 24 Stepping 1, AuthenticAMD
TMP=C:\Users\ACER\AppData\Local\Temp
TEMP=C:\Users\ACER\AppData\Local\Temp




Periodic native trim disabled

---------------  S Y S T E M  ---------------

OS:
 Windows 11 , 64 bit Build 26100 (10.0.26100.8737)
OS uptime: 0 days 9:19 hours

CPU: total 4 (initial active 4) (4 cores per cpu, 2 threads per core) family 23 model 24 stepping 1 microcode 0x8108109, cx8, cmov, fxsr, ht, mmx, 3dnowpref, sse, sse2, sse3, ssse3, sse4a, sse4.1, sse4.2, popcnt, lzcnt, tsc, tscinvbit, avx, avx2, aes, clmul, bmi1, bmi2, adx, sha, fma, vzeroupper, clflush, clflushopt, rdtscp, f16c
Processor Information for the first 4 processors :
  Max Mhz: 2600, Current Mhz: 2600, Mhz Limit: 2600

Memory: 4k page, system-wide physical 6081M (517M free)
TotalPageFile size 9401M (AvailPageFile size 2M)
current process WorkingSet (physical memory assigned to process): 150M, peak: 151M
current process commit charge ("private bytes"): 270M, peak: 271M

vm_info: OpenJDK 64-Bit Server VM (21.0.12.1+1-LTS) for windows-amd64 JRE (21.0.12.1+1-LTS), built on 2026-08-18T00:00:00Z by "admin" with MS VC++ 17.12 (VS2022)

END.
