#
# There is insufficient memory for the Java Runtime Environment to continue.
# Native memory allocation (malloc) failed to allocate 373136 bytes. Error detail: Chunk::new
# Possible reasons:
#   The system is out of physical RAM or swap space
#   This process is running with CompressedOops enabled, and the Java Heap may be blocking the growth of the native heap
# Possible solutions:
#   Reduce memory load on the system
#   Increase physical memory or swap space
#   Check if swap backing store is full
#   Decrease Java heap size (-Xmx/-Xms)
#   Decrease number of Java threads
#   Decrease Java thread stack sizes (-Xss)
#   Set larger code cache with -XX:ReservedCodeCacheSize=
#   JVM is running with Unscaled Compressed Oops mode in which the Java heap is
#     placed in the first 4GB address space. The Java Heap base address is the
#     maximum limit for the native heap growth. Please use -XX:HeapBaseMinAddress
#     to set the Java Heap base and to place the Java Heap above 4GB virtual address.
# This output file may be truncated or incomplete.
#
#  Out of Memory Error (arena.cpp:168), pid=15492, tid=16248
#
# JRE version: OpenJDK Runtime Environment Temurin-21.0.12.1+1 (21.0.12.1+1) (build 21.0.12.1+1-LTS)
# Java VM: OpenJDK 64-Bit Server VM Temurin-21.0.12.1+1 (21.0.12.1+1-LTS, mixed mode, sharing, tiered, compressed oops, compressed class ptrs, parallel gc, windows-amd64)
# No core dump will be written. Minidumps are not enabled by default on client versions of Windows
#

---------------  S U M M A R Y ------------

Command Line: --add-modules=ALL-SYSTEM --add-opens=java.base/java.util=ALL-UNNAMED --add-opens=java.base/java.lang=ALL-UNNAMED --add-opens=java.base/sun.nio.fs=ALL-UNNAMED -Declipse.application=org.eclipse.jdt.ls.core.id1 -Dosgi.bundles.defaultStartLevel=4 -Declipse.product=org.eclipse.jdt.ls.core.product -Djava.import.generatesMetadataFilesAtProjectRoot=false -Dm2e.project.cache.size=50 -DDetectVMInstallationsJob.disabled=true -Dfile.encoding=utf8 -XX:+UseParallelGC -XX:GCTimeRatio=4 -XX:AdaptiveSizePolicyWeight=90 -Dsun.zip.disableMemoryMapping=true -Xmx2G -Xms100m -Xlog:disable -javaagent:c:\Users\ACER\.vscode\extensions\redhat.java-1.56.0-win32-x64\lombok\lombok-1.18.39-4050.jar -XX:+HeapDumpOnOutOfMemoryError -XX:HeapDumpPath=c:\Users\ACER\AppData\Roaming\Code\User\workspaceStorage\ce63b1d7b09725d05b5ff70fb3df8885\redhat.java -Daether.dependencyCollector.impl=bf c:\Users\ACER\.vscode\extensions\redhat.java-1.56.0-win32-x64\server\plugins\org.eclipse.equinox.launcher_1.8.0.v20260804-1928.jar -configuration c:\Users\ACER\AppData\Roaming\Code\User\globalStorage\redhat.java\1.56.0\config_win -data c:\Users\ACER\AppData\Roaming\Code\User\workspaceStorage\ce63b1d7b09725d05b5ff70fb3df8885\redhat.java\jdt_ws --stdio

Host: AMD Ryzen 3 3250U with Radeon Graphics         , 4 cores, 5G,  Windows 11 , 64 bit Build 26100 (10.0.26100.8737)
Time: Wed Sep  9 23:22:24 2026 Greenwich elapsed time: 4.722179 seconds (0d 0h 0m 4s)

---------------  T H R E A D  ---------------

Current thread (0x000001e1ead454c0):  JavaThread "C2 CompilerThread0" daemon [_thread_in_native, id=16248, stack(0x00000046ce800000,0x00000046ce900000) (1024K)]


Current CompileTask:
C2:4722 1815       4       java.io.WinNTFileSystem::normalize (143 bytes)

Stack: [0x00000046ce800000,0x00000046ce900000]
Native frames: (J=compiled Java code, j=interpreted, Vv=VM code, C=native code)
V  [jvm.dll+0x6d83e9]
V  [jvm.dll+0x8b5736]
V  [jvm.dll+0x8b7cee]
V  [jvm.dll+0x8b83d3]
V  [jvm.dll+0x284596]
V  [jvm.dll+0xc685d]
V  [jvm.dll+0xc6da1]
V  [jvm.dll+0x3bf18b]
V  [jvm.dll+0x38b6d2]
V  [jvm.dll+0x38ab1a]
V  [jvm.dll+0x24c700]
V  [jvm.dll+0x24bce0]
V  [jvm.dll+0x1cb4ae]
V  [jvm.dll+0x25baad]
V  [jvm.dll+0x25a03a]
V  [jvm.dll+0x3f8aae]
V  [jvm.dll+0x8600cd]
V  [jvm.dll+0x6d6c1d]
C  [ucrtbase.dll+0x2cd30]
C  [KERNEL32.DLL+0x2e957]
C  [ntdll.dll+0xaad6c]


---------------  P R O C E S S  ---------------

Threads class SMR info:
_java_thread_list=0x000001e1f0768ad0, length=12, elements={
0x000001e1d434cc80, 0x000001e1ead390e0, 0x000001e1ead3d8d0, 0x000001e1ead413a0,
0x000001e1ead42000, 0x000001e1ead47f80, 0x000001e1ead44a70, 0x000001e1ead454c0,
0x000001e1eade54b0, 0x000001e1ebb05000, 0x000001e1ebc6c950, 0x000001e1f079c180
}

Java Threads: ( => current thread )
  0x000001e1d434cc80 JavaThread "main"                              [_thread_in_native, id=3048, stack(0x00000046cde00000,0x00000046cdf00000) (1024K)]
  0x000001e1ead390e0 JavaThread "Reference Handler"          daemon [_thread_blocked, id=496, stack(0x00000046ce200000,0x00000046ce300000) (1024K)]
  0x000001e1ead3d8d0 JavaThread "Finalizer"                  daemon [_thread_blocked, id=15928, stack(0x00000046ce300000,0x00000046ce400000) (1024K)]
  0x000001e1ead413a0 JavaThread "Signal Dispatcher"          daemon [_thread_blocked, id=7040, stack(0x00000046ce400000,0x00000046ce500000) (1024K)]
  0x000001e1ead42000 JavaThread "Attach Listener"            daemon [_thread_blocked, id=11440, stack(0x00000046ce500000,0x00000046ce600000) (1024K)]
  0x000001e1ead47f80 JavaThread "Service Thread"             daemon [_thread_blocked, id=16164, stack(0x00000046ce600000,0x00000046ce700000) (1024K)]
  0x000001e1ead44a70 JavaThread "Monitor Deflation Thread"   daemon [_thread_blocked, id=15672, stack(0x00000046ce700000,0x00000046ce800000) (1024K)]
=>0x000001e1ead454c0 JavaThread "C2 CompilerThread0"         daemon [_thread_in_native, id=16248, stack(0x00000046ce800000,0x00000046ce900000) (1024K)]
  0x000001e1eade54b0 JavaThread "C1 CompilerThread0"         daemon [_thread_blocked, id=15448, stack(0x00000046ce900000,0x00000046cea00000) (1024K)]
  0x000001e1ebb05000 JavaThread "Common-Cleaner"             daemon [_thread_blocked, id=2764, stack(0x00000046cea00000,0x00000046ceb00000) (1024K)]
  0x000001e1ebc6c950 JavaThread "Notification Thread"        daemon [_thread_blocked, id=7532, stack(0x00000046ceb00000,0x00000046cec00000) (1024K)]
  0x000001e1f079c180 JavaThread "Active Thread: Equinox Container: c2b6ac96-f3a5-4c6d-b55b-13f27342ca4d"        [_thread_blocked, id=1804, stack(0x00000046cf000000,0x00000046cf100000) (1024K)]
Total: 12

Other Threads:
  0x000001e1d440bf70 VMThread "VM Thread"                           [id=13664, stack(0x00000046ce100000,0x00000046ce200000) (1024K)]
  0x000001e1eacdca00 WatcherThread "VM Periodic Task Thread"        [id=5784, stack(0x00000046ce000000,0x00000046ce100000) (1024K)]
  0x000001e1d436ab00 WorkerThread "GC Thread#0"                     [id=16168, stack(0x00000046cdf00000,0x00000046ce000000) (1024K)]
  0x000001e1f0329650 WorkerThread "GC Thread#1"                     [id=8660, stack(0x00000046ced00000,0x00000046cee00000) (1024K)]
  0x000001e1f0329a00 WorkerThread "GC Thread#2"                     [id=2236, stack(0x00000046cee00000,0x00000046cef00000) (1024K)]
  0x000001e1f02ef580 WorkerThread "GC Thread#3"                     [id=2720, stack(0x00000046cef00000,0x00000046cf000000) (1024K)]
Total: 6

Threads with active compile tasks:
C2 CompilerThread0  4754 1815       4       java.io.WinNTFileSystem::normalize (143 bytes)
Total: 1

VM state: not at safepoint (normal execution)

VM Mutex/Monitor currently owned by a thread: None

Heap address: 0x0000000080000000, size: 2048 MB, Compressed Oops mode: 32-bit

CDS archive(s) mapped at: [0x000001e180000000-0x000001e180ba0000-0x000001e180ba0000), size 12189696, SharedBaseAddress: 0x000001e180000000, ArchiveRelocationMode: 1.
Compressed class space mapped at: 0x000001e181000000-0x000001e1c1000000, reserved size: 1073741824
Narrow klass base: 0x000001e180000000, Narrow klass shift: 0, Narrow klass range: 0x100000000

GC Precious Log:
 CardTable entry size: 512
 CPUs: 4 total, 4 available
 Memory: 6081M
 Large Page Support: Disabled
 NUMA Support: Disabled
 Compressed Oops: Enabled (32-bit)
 Alignments: Space 512K, Generation 512K, Heap 2M
 Heap Min Capacity: 100M
 Heap Initial Capacity: 100M
 Heap Max Capacity: 2G
 Pre-touch: Disabled
 Parallel Workers: 4

Heap:
 PSYoungGen      total 29696K, used 28231K [0x00000000d5580000, 0x00000000d7680000, 0x0000000100000000)
  eden space 25600K, 97% used [0x00000000d5580000,0x00000000d6dd7f60,0x00000000d6e80000)
  from space 4096K, 80% used [0x00000000d6e80000,0x00000000d71b9e98,0x00000000d7280000)
  to   space 4096K, 0% used [0x00000000d7280000,0x00000000d7280000,0x00000000d7680000)
 ParOldGen       total 68608K, used 16K [0x0000000080000000, 0x0000000084300000, 0x00000000d5580000)
  object space 68608K, 0% used [0x0000000080000000,0x0000000080004000,0x0000000084300000)
 Metaspace       used 8006K, committed 8256K, reserved 1114112K
  class space    used 833K, committed 960K, reserved 1048576K

Card table byte_map: [0x000001e1d3cf0000,0x000001e1d4100000] _byte_map_base: 0x000001e1d38f0000

Marking Bits: (ParMarkBitMap*) 0x00007ffa6af344a0
 Begin Bits: [0x000001e1e6800000, 0x000001e1e8800000)
 End Bits:   [0x000001e1e8800000, 0x000001e1ea800000)

Polling page: 0x000001e1d26b0000

Metaspace:

Usage:
  Non-class:      7.01 MB used.
      Class:    833.08 KB used.
       Both:      7.82 MB used.

Virtual space:
  Non-class space:       64.00 MB reserved,       7.12 MB ( 11%) committed,  1 nodes.
      Class space:        1.00 GB reserved,     960.00 KB ( <1%) committed,  1 nodes.
             Both:        1.06 GB reserved,       8.06 MB ( <1%) committed. 

Chunk freelists:
   Non-Class:  8.81 MB
       Class:  14.91 MB
        Both:  23.72 MB

MaxMetaspaceSize: unlimited
CompressedClassSpaceSize: 1.00 GB
Initial GC threshold: 21.00 MB
Current GC threshold: 21.00 MB
CDS: on
 - commit_granule_bytes: 65536.
 - commit_granule_words: 8192.
 - virtual_space_node_default_size: 8388608.
 - enlarge_chunks_in_place: 1.
 - use_allocation_guard: 0.


Internal statistics:

num_allocs_failed_limit: 0.
num_arena_births: 228.
num_arena_deaths: 0.
num_vsnodes_births: 2.
num_vsnodes_deaths: 0.
num_space_committed: 129.
num_space_uncommitted: 0.
num_chunks_returned_to_freelist: 0.
num_chunks_taken_from_freelist: 419.
num_chunk_merges: 0.
num_chunk_splits: 272.
num_chunks_enlarged: 179.
num_inconsistent_stats: 0.

CodeHeap 'non-profiled nmethods': size=120000Kb used=795Kb max_used=795Kb free=119204Kb
 bounds [0x000001e1df020000, 0x000001e1df290000, 0x000001e1e6550000]
CodeHeap 'profiled nmethods': size=120000Kb used=3261Kb max_used=3261Kb free=116738Kb
 bounds [0x000001e1d7550000, 0x000001e1d7880000, 0x000001e1dea80000]
CodeHeap 'non-nmethods': size=5760Kb used=1218Kb max_used=1245Kb free=4541Kb
 bounds [0x000001e1dea80000, 0x000001e1decf0000, 0x000001e1df020000]
CodeCache: size=245760Kb, used=5274Kb, max_used=5301Kb, free=240483Kb
 total_blobs=2295, nmethods=1813, adapters=389, full_count=0
Compilation: enabled, stopped_count=0, restarted_count=0

Compilation events (20 events):
Event: 3.358 Thread 0x000001e1eade54b0 nmethod 1805 0x000001e1d7877d10 code [0x000001e1d7877ec0, 0x000001e1d7878010]
Event: 3.358 Thread 0x000001e1eade54b0 1806       3       java.lang.AbstractStringBuilder::append (67 bytes)
Event: 3.359 Thread 0x000001e1eade54b0 nmethod 1806 0x000001e1d7878110 code [0x000001e1d7878320, 0x000001e1d78789a0]
Event: 3.388 Thread 0x000001e1ead454c0 1807       4       java.lang.StringLatin1::inflate (34 bytes)
Event: 3.393 Thread 0x000001e1ead454c0 nmethod 1807 0x000001e1df0e6710 code [0x000001e1df0e68a0, 0x000001e1df0e6a30]
Event: 3.872 Thread 0x000001e1eade54b0 1808       3       java.net.URL::isValidProtocol (78 bytes)
Event: 3.873 Thread 0x000001e1eade54b0 nmethod 1808 0x000001e1d7878b90 code [0x000001e1d7878ea0, 0x000001e1d787a0d8]
Event: 3.874 Thread 0x000001e1eade54b0 1809       1       sun.nio.fs.NativeBuffer::address (5 bytes)
Event: 3.874 Thread 0x000001e1eade54b0 nmethod 1809 0x000001e1df0e6b10 code [0x000001e1df0e6ca0, 0x000001e1df0e6d68]
Event: 4.072 Thread 0x000001e1eade54b0 1810       3       java.net.URL::toExternalForm (9 bytes)
Event: 4.073 Thread 0x000001e1eade54b0 nmethod 1810 0x000001e1d787a810 code [0x000001e1d787a9c0, 0x000001e1d787aba0]
Event: 4.098 Thread 0x000001e1eade54b0 1811       3       java.io.WinNTFileSystem::normalizePrefix (132 bytes)
Event: 4.100 Thread 0x000001e1eade54b0 nmethod 1811 0x000001e1d787ac90 code [0x000001e1d787b0a0, 0x000001e1d787d048]
Event: 4.126 Thread 0x000001e1eade54b0 1812       3       java.lang.ThreadLocal::get (35 bytes)
Event: 4.126 Thread 0x000001e1eade54b0 nmethod 1812 0x000001e1d787dc90 code [0x000001e1d787de60, 0x000001e1d787e168]
Event: 4.150 Thread 0x000001e1eade54b0 1813       3       sun.nio.fs.WindowsPathParser::nextNonSlash (24 bytes)
Event: 4.151 Thread 0x000001e1eade54b0 nmethod 1813 0x000001e1d787e310 code [0x000001e1d787e520, 0x000001e1d787ec28]
Event: 4.695 Thread 0x000001e1eade54b0 1814       3       org.eclipse.osgi.framework.util.SecureAction::getProperty (31 bytes)
Event: 4.696 Thread 0x000001e1eade54b0 nmethod 1814 0x000001e1d787ef90 code [0x000001e1d787f180, 0x000001e1d787f5d8]
Event: 4.697 Thread 0x000001e1ead454c0 1815       4       java.io.WinNTFileSystem::normalize (143 bytes)

GC Heap History (2 events):
Event: 1.620 GC heap before
{Heap before GC invocations=1 (full 0):
 PSYoungGen      total 29696K, used 25600K [0x00000000d5580000, 0x00000000d7680000, 0x0000000100000000)
  eden space 25600K, 100% used [0x00000000d5580000,0x00000000d6e80000,0x00000000d6e80000)
  from space 4096K, 0% used [0x00000000d7280000,0x00000000d7280000,0x00000000d7680000)
  to   space 4096K, 0% used [0x00000000d6e80000,0x00000000d6e80000,0x00000000d7280000)
 ParOldGen       total 68608K, used 0K [0x0000000080000000, 0x0000000084300000, 0x00000000d5580000)
  object space 68608K, 0% used [0x0000000080000000,0x0000000080000000,0x0000000084300000)
 Metaspace       used 4352K, committed 4544K, reserved 1114112K
  class space    used 475K, committed 576K, reserved 1048576K
}
Event: 1.629 GC heap after
{Heap after GC invocations=1 (full 0):
 PSYoungGen      total 29696K, used 3303K [0x00000000d5580000, 0x00000000d7680000, 0x0000000100000000)
  eden space 25600K, 0% used [0x00000000d5580000,0x00000000d5580000,0x00000000d6e80000)
  from space 4096K, 80% used [0x00000000d6e80000,0x00000000d71b9e98,0x00000000d7280000)
  to   space 4096K, 0% used [0x00000000d7280000,0x00000000d7280000,0x00000000d7680000)
 ParOldGen       total 68608K, used 16K [0x0000000080000000, 0x0000000084300000, 0x00000000d5580000)
  object space 68608K, 0% used [0x0000000080000000,0x0000000080004000,0x0000000084300000)
 Metaspace       used 4352K, committed 4544K, reserved 1114112K
  class space    used 475K, committed 576K, reserved 1048576K
}

Dll operation events (16 events):
Event: 0.019 Attempting to load shared library c:\Users\ACER\.vscode\extensions\redhat.java-1.56.0-win32-x64\jre\21.0.12.1-win32-x86_64\bin\java.dll
Event: 0.019 Loaded shared library c:\Users\ACER\.vscode\extensions\redhat.java-1.56.0-win32-x64\jre\21.0.12.1-win32-x86_64\bin\java.dll
Event: 0.145 Attempting to load shared library c:\Users\ACER\.vscode\extensions\redhat.java-1.56.0-win32-x64\jre\21.0.12.1-win32-x86_64\bin\zip.dll
Event: 0.146 Loaded shared library c:\Users\ACER\.vscode\extensions\redhat.java-1.56.0-win32-x64\jre\21.0.12.1-win32-x86_64\bin\zip.dll
Event: 0.190 Attempting to load shared library C:\Users\ACER\.vscode\extensions\redhat.java-1.56.0-win32-x64\jre\21.0.12.1-win32-x86_64\bin\instrument.dll
Event: 0.190 Loaded shared library C:\Users\ACER\.vscode\extensions\redhat.java-1.56.0-win32-x64\jre\21.0.12.1-win32-x86_64\bin\instrument.dll
Event: 0.196 Attempting to load shared library C:\Users\ACER\.vscode\extensions\redhat.java-1.56.0-win32-x64\jre\21.0.12.1-win32-x86_64\bin\net.dll
Event: 0.197 Loaded shared library C:\Users\ACER\.vscode\extensions\redhat.java-1.56.0-win32-x64\jre\21.0.12.1-win32-x86_64\bin\net.dll
Event: 0.206 Attempting to load shared library C:\Users\ACER\.vscode\extensions\redhat.java-1.56.0-win32-x64\jre\21.0.12.1-win32-x86_64\bin\nio.dll
Event: 0.207 Loaded shared library C:\Users\ACER\.vscode\extensions\redhat.java-1.56.0-win32-x64\jre\21.0.12.1-win32-x86_64\bin\nio.dll
Event: 0.212 Attempting to load shared library C:\Users\ACER\.vscode\extensions\redhat.java-1.56.0-win32-x64\jre\21.0.12.1-win32-x86_64\bin\zip.dll
Event: 0.212 Loaded shared library C:\Users\ACER\.vscode\extensions\redhat.java-1.56.0-win32-x64\jre\21.0.12.1-win32-x86_64\bin\zip.dll
Event: 0.255 Attempting to load shared library C:\Users\ACER\.vscode\extensions\redhat.java-1.56.0-win32-x64\jre\21.0.12.1-win32-x86_64\bin\jimage.dll
Event: 0.255 Loaded shared library C:\Users\ACER\.vscode\extensions\redhat.java-1.56.0-win32-x64\jre\21.0.12.1-win32-x86_64\bin\jimage.dll
Event: 0.393 Attempting to load shared library c:\Users\ACER\.vscode\extensions\redhat.java-1.56.0-win32-x64\jre\21.0.12.1-win32-x86_64\bin\verify.dll
Event: 0.394 Loaded shared library c:\Users\ACER\.vscode\extensions\redhat.java-1.56.0-win32-x64\jre\21.0.12.1-win32-x86_64\bin\verify.dll

Deoptimization events (20 events):
Event: 2.476 Thread 0x000001e1d434cc80 DEOPT PACKING pc=0x000001e1df0c4d20 sp=0x00000046cdefea40
Event: 2.476 Thread 0x000001e1d434cc80 DEOPT UNPACKING pc=0x000001e1dead3aa2 sp=0x00000046cdefe988 mode 2
Event: 2.523 Thread 0x000001e1d434cc80 Uncommon trap: trap_request=0xffffffc6 fr.pc=0x000001e1df0c4d20 relative=0x0000000000000680
Event: 2.523 Thread 0x000001e1d434cc80 Uncommon trap: reason=bimorphic_or_optimized_type_check action=maybe_recompile pc=0x000001e1df0c4d20 method=java.util.Collections$UnmodifiableCollection$1.<init>(Ljava/util/Collections$UnmodifiableCollection;)V @ 17 c2
Event: 2.523 Thread 0x000001e1d434cc80 DEOPT PACKING pc=0x000001e1df0c4d20 sp=0x00000046cdefe900
Event: 2.523 Thread 0x000001e1d434cc80 DEOPT UNPACKING pc=0x000001e1dead3aa2 sp=0x00000046cdefe848 mode 2
Event: 2.573 Thread 0x000001e1d434cc80 Uncommon trap: trap_request=0xffffffde fr.pc=0x000001e1df0865ec relative=0x0000000000000a0c
Event: 2.573 Thread 0x000001e1d434cc80 Uncommon trap: reason=class_check action=maybe_recompile pc=0x000001e1df0865ec method=java.util.HashMap.putVal(ILjava/lang/Object;Ljava/lang/Object;ZZ)Ljava/lang/Object; @ 253 c2
Event: 2.573 Thread 0x000001e1d434cc80 DEOPT PACKING pc=0x000001e1df0865ec sp=0x00000046cdefe770
Event: 2.573 Thread 0x000001e1d434cc80 DEOPT UNPACKING pc=0x000001e1dead3aa2 sp=0x00000046cdefe6f0 mode 2
Event: 2.576 Thread 0x000001e1d434cc80 Uncommon trap: trap_request=0xffffffde fr.pc=0x000001e1df0865ec relative=0x0000000000000a0c
Event: 2.576 Thread 0x000001e1d434cc80 Uncommon trap: reason=class_check action=maybe_recompile pc=0x000001e1df0865ec method=java.util.HashMap.putVal(ILjava/lang/Object;Ljava/lang/Object;ZZ)Ljava/lang/Object; @ 253 c2
Event: 2.576 Thread 0x000001e1d434cc80 DEOPT PACKING pc=0x000001e1df0865ec sp=0x00000046cdefe770
Event: 2.576 Thread 0x000001e1d434cc80 DEOPT UNPACKING pc=0x000001e1dead3aa2 sp=0x00000046cdefe6f0 mode 2
Event: 2.689 Thread 0x000001e1d434cc80 DEOPT PACKING pc=0x000001e1d766158b sp=0x00000046cdefd090
Event: 2.689 Thread 0x000001e1d434cc80 DEOPT UNPACKING pc=0x000001e1dead4242 sp=0x00000046cdefc508 mode 0
Event: 2.690 Thread 0x000001e1d434cc80 DEOPT PACKING pc=0x000001e1d764cc06 sp=0x00000046cdefc840
Event: 2.691 Thread 0x000001e1d434cc80 DEOPT UNPACKING pc=0x000001e1dead4242 sp=0x00000046cdefbcc0 mode 0
Event: 2.693 Thread 0x000001e1d434cc80 DEOPT PACKING pc=0x000001e1d764cc06 sp=0x00000046cdefca90
Event: 2.693 Thread 0x000001e1d434cc80 DEOPT UNPACKING pc=0x000001e1dead4242 sp=0x00000046cdefbf10 mode 0

Classes loaded (20 events):
Event: 2.677 Loading class javax/xml/parsers/ParserConfigurationException
Event: 2.678 Loading class javax/xml/parsers/ParserConfigurationException done
Event: 2.682 Loading class java/security/KeyStoreException
Event: 2.683 Loading class java/security/KeyStoreException done
Event: 2.725 Loading class java/util/LinkedList$ListItr
Event: 2.726 Loading class java/util/LinkedList$ListItr done
Event: 2.727 Loading class java/lang/Thread$Builder$OfPlatform
Event: 2.728 Loading class java/lang/Thread$Builder
Event: 2.728 Loading class java/lang/Thread$Builder done
Event: 2.728 Loading class java/lang/Thread$Builder$OfPlatform done
Event: 2.728 Loading class java/lang/Thread$Builder$OfVirtual
Event: 2.728 Loading class java/lang/Thread$Builder$OfVirtual done
Event: 2.742 Loading class sun/nio/fs/WindowsChannelFactory
Event: 2.742 Loading class sun/nio/fs/WindowsChannelFactory done
Event: 2.742 Loading class sun/nio/fs/WindowsChannelFactory$1
Event: 2.742 Loading class sun/nio/fs/WindowsChannelFactory$1 done
Event: 2.742 Loading class sun/nio/fs/WindowsChannelFactory$Flags
Event: 2.742 Loading class sun/nio/fs/WindowsChannelFactory$Flags done
Event: 2.743 Loading class sun/nio/ch/FileChannelImpl$Closer
Event: 2.743 Loading class sun/nio/ch/FileChannelImpl$Closer done

Classes unloaded (0 events):
No events

Classes redefined (0 events):
No events

Internal exceptions (20 events):
Event: 1.209 Thread 0x000001e1d434cc80 Exception <a 'java/lang/NoSuchMethodError'{0x00000000d66086d8}: 'java.lang.Object java.lang.invoke.DirectMethodHandle$Holder.invokeInterface(java.lang.Object, java.lang.Object, int)'> (0x00000000d66086d8) 
thrown [s\src\hotspot\share\interpreter\linkResolver.cpp, line 773]
Event: 1.470 Thread 0x000001e1d434cc80 Exception <a 'java/lang/NoSuchMethodError'{0x00000000d6a8b9e0}: 'java.lang.ClassLoader java.lang.ClassLoader.getPlatformClassLoader(java.lang.Class)'> (0x00000000d6a8b9e0) 
thrown [s\src\hotspot\share\interpreter\linkResolver.cpp, line 773]
Event: 1.643 Thread 0x000001e1d434cc80 Exception <a 'java/lang/ClassNotFoundException'{0x00000000d55c5680}: sun/net/www/protocol/c/Handler> (0x00000000d55c5680) 
thrown [s\src\hotspot\share\classfile\systemDictionary.cpp, line 313]
Event: 1.643 Thread 0x000001e1d434cc80 Exception <a 'java/lang/ClassNotFoundException'{0x00000000d55c69d8}: sun/net/www/protocol/d/Handler> (0x00000000d55c69d8) 
thrown [s\src\hotspot\share\classfile\systemDictionary.cpp, line 313]
Event: 1.644 Thread 0x000001e1d434cc80 Exception <a 'java/lang/ClassNotFoundException'{0x00000000d55c7b50}: sun/net/www/protocol/c/Handler> (0x00000000d55c7b50) 
thrown [s\src\hotspot\share\classfile\systemDictionary.cpp, line 313]
Event: 1.661 Thread 0x000001e1d434cc80 Exception <a 'java/io/FileNotFoundException'{0x00000000d55f0f10}> (0x00000000d55f0f10) 
thrown [s\src\hotspot\share\prims\jni.cpp, line 520]
Event: 1.729 Thread 0x000001e1d434cc80 Implicit null exception at 0x000001e1df0771c9 to 0x000001e1df077b34
Event: 1.729 Thread 0x000001e1d434cc80 Implicit null exception at 0x000001e1df08041a to 0x000001e1df080628
Event: 1.730 Thread 0x000001e1d434cc80 Exception <a 'java/lang/NoSuchMethodError'{0x00000000d5722ce0}: 'void java.lang.invoke.DirectMethodHandle$Holder.invokeStatic(java.lang.Object, java.lang.Object, java.lang.Object, java.lang.Object)'> (0x00000000d5722ce0) 
thrown [s\src\hotspot\share\interpreter\linkResolver.cpp, line 773]
Event: 1.734 Thread 0x000001e1d434cc80 Implicit null exception at 0x000001e1df081a1a to 0x000001e1df081c14
Event: 1.734 Thread 0x000001e1d434cc80 Implicit null exception at 0x000001e1df07a5bd to 0x000001e1df07a641
Event: 1.860 Thread 0x000001e1d434cc80 Exception <a 'java/lang/NoSuchMethodError'{0x00000000d5a081d0}: 'void java.lang.invoke.DirectMethodHandle$Holder.invokeSpecial(java.lang.Object, java.lang.Object, java.lang.Object)'> (0x00000000d5a081d0) 
thrown [s\src\hotspot\share\interpreter\linkResolver.cpp, line 773]
Event: 2.322 Thread 0x000001e1d434cc80 Exception <a 'java/lang/NoSuchMethodError'{0x00000000d6473ff8}: 'int java.lang.invoke.DirectMethodHandle$Holder.invokeVirtual(java.lang.Object, java.lang.Object)'> (0x00000000d6473ff8) 
thrown [s\src\hotspot\share\interpreter\linkResolver.cpp, line 773]
Event: 2.425 Thread 0x000001e1d434cc80 Exception <a 'java/lang/NoSuchMethodError'{0x00000000d65fc048}: 'int java.lang.invoke.DirectMethodHandle$Holder.invokeStaticInit(java.lang.Object, java.lang.Object, java.lang.Object, java.lang.Object)'> (0x00000000d65fc048) 
thrown [s\src\hotspot\share\interpreter\linkResolver.cpp, line 773]
Event: 2.428 Thread 0x000001e1d434cc80 Exception <a 'java/lang/IncompatibleClassChangeError'{0x00000000d6604730}: Found class java.lang.Object, but interface was expected> (0x00000000d6604730) 
thrown [s\src\hotspot\share\interpreter\linkResolver.cpp, line 840]
Event: 2.429 Thread 0x000001e1d434cc80 Exception <a 'java/lang/NoSuchMethodError'{0x00000000d660b5a0}: 'void java.lang.invoke.DirectMethodHandle$Holder.invokeStaticInit(java.lang.Object, java.lang.Object)'> (0x00000000d660b5a0) 
thrown [s\src\hotspot\share\interpreter\linkResolver.cpp, line 773]
Event: 2.434 Thread 0x000001e1d434cc80 Exception <a 'java/lang/NoSuchMethodError'{0x00000000d6615098}: 'int java.lang.invoke.DirectMethodHandle$Holder.invokeStaticInit(java.lang.Object, java.lang.Object)'> (0x00000000d6615098) 
thrown [s\src\hotspot\share\interpreter\linkResolver.cpp, line 773]
Event: 2.553 Thread 0x000001e1d434cc80 Exception <a 'java/lang/NoSuchMethodError'{0x00000000d687b100}: 'java.lang.Object java.lang.invoke.DirectMethodHandle$Holder.newInvokeSpecial(java.lang.Object, int, java.lang.Object)'> (0x00000000d687b100) 
thrown [s\src\hotspot\share\interpreter\linkResolver.cpp, line 773]
Event: 2.636 Thread 0x000001e1d434cc80 Exception <a 'java/lang/ClassNotFoundException'{0x00000000d6a96de8}: sun/net/www/protocol/plurl/Handler> (0x00000000d6a96de8) 
thrown [s\src\hotspot\share\classfile\systemDictionary.cpp, line 313]
Event: 2.636 Thread 0x000001e1d434cc80 Exception <a 'java/lang/ClassNotFoundException'{0x00000000d6a97c68}: sun/net/www/protocol/plurl/Handler> (0x00000000d6a97c68) 
thrown [s\src\hotspot\share\classfile\systemDictionary.cpp, line 313]

ZGC Phase Switch (0 events):
No events

VM Operations (20 events):
Event: 0.882 Executing non-safepoint VM operation: HandshakeAllThreads (Deoptimize)
Event: 0.882 Executing non-safepoint VM operation: HandshakeAllThreads (Deoptimize) done
Event: 0.922 Executing non-safepoint VM operation: HandshakeAllThreads (Deoptimize)
Event: 0.922 Executing non-safepoint VM operation: HandshakeAllThreads (Deoptimize) done
Event: 1.554 Executing safepoint VM operation: ICBufferFull
Event: 1.554 Executing safepoint VM operation: ICBufferFull done
Event: 1.602 Executing non-safepoint VM operation: HandshakeAllThreads (Deoptimize)
Event: 1.602 Executing non-safepoint VM operation: HandshakeAllThreads (Deoptimize) done
Event: 1.620 Executing safepoint VM operation: ParallelGCFailedAllocation (Allocation Failure)
Event: 1.629 Executing safepoint VM operation: ParallelGCFailedAllocation (Allocation Failure) done
Event: 2.478 Executing non-safepoint VM operation: HandshakeAllThreads (Deoptimize)
Event: 2.508 Executing non-safepoint VM operation: HandshakeAllThreads (Deoptimize) done
Event: 2.529 Executing non-safepoint VM operation: HandshakeAllThreads (Deoptimize)
Event: 2.529 Executing non-safepoint VM operation: HandshakeAllThreads (Deoptimize) done
Event: 2.623 Executing non-safepoint VM operation: HandshakeAllThreads (Deoptimize)
Event: 2.623 Executing non-safepoint VM operation: HandshakeAllThreads (Deoptimize) done
Event: 2.628 Executing safepoint VM operation: ICBufferFull
Event: 2.628 Executing safepoint VM operation: ICBufferFull done
Event: 4.641 Executing safepoint VM operation: Cleanup
Event: 4.642 Executing safepoint VM operation: Cleanup done

Memory protections (0 events):
No events

Nmethod flushes (0 events):
No events

Events (18 events):
Event: 0.040 Thread 0x000001e1d434cc80 Thread added: 0x000001e1d434cc80
Event: 0.066 Thread 0x000001e1d434cc80 Thread added: 0x000001e1ead390e0
Event: 0.066 Thread 0x000001e1d434cc80 Thread added: 0x000001e1ead3d8d0
Event: 0.067 Thread 0x000001e1d434cc80 Thread added: 0x000001e1ead413a0
Event: 0.067 Thread 0x000001e1d434cc80 Thread added: 0x000001e1ead42000
Event: 0.067 Thread 0x000001e1d434cc80 Thread added: 0x000001e1ead47f80
Event: 0.067 Thread 0x000001e1d434cc80 Thread added: 0x000001e1ead44a70
Event: 0.067 Thread 0x000001e1d434cc80 Thread added: 0x000001e1ead454c0
Event: 0.070 Thread 0x000001e1d434cc80 Thread added: 0x000001e1eade54b0
Event: 0.192 Thread 0x000001e1d434cc80 Thread added: 0x000001e1ebb05000
Event: 0.622 Thread 0x000001e1d434cc80 Thread added: 0x000001e1ebc6c950
Event: 0.678 Thread 0x000001e1eade54b0 Thread added: 0x000001e1ebd9b680
Event: 1.076 Thread 0x000001e1ebd9b680 Thread exited: 0x000001e1ebd9b680
Event: 1.277 Thread 0x000001e1eade54b0 Thread added: 0x000001e1f0169480
Event: 1.718 Thread 0x000001e1f0169480 Thread exited: 0x000001e1f0169480
Event: 1.946 Thread 0x000001e1eade54b0 Thread added: 0x000001e1f07da560
Event: 2.456 Thread 0x000001e1d434cc80 Thread added: 0x000001e1f079c180
Event: 2.885 Thread 0x000001e1f07da560 Thread exited: 0x000001e1f07da560


Dynamic libraries:
0x00007ff704980000 - 0x00007ff70498e000 	c:\Users\ACER\.vscode\extensions\redhat.java-1.56.0-win32-x64\jre\21.0.12.1-win32-x86_64\bin\java.exe
0x00007ffb00560000 - 0x00007ffb007c6000 	C:\Windows\SYSTEM32\ntdll.dll
0x00007ffafed70000 - 0x00007ffafee39000 	C:\Windows\System32\KERNEL32.DLL
0x00007ffafddf0000 - 0x00007ffafe1f0000 	C:\Windows\System32\KERNELBASE.dll
0x00007ffafd780000 - 0x00007ffafd8cc000 	C:\Windows\System32\ucrtbase.dll
0x00007ffae5a90000 - 0x00007ffae5aa8000 	c:\Users\ACER\.vscode\extensions\redhat.java-1.56.0-win32-x64\jre\21.0.12.1-win32-x86_64\bin\jli.dll
0x00007ffafe900000 - 0x00007ffafeac7000 	C:\Windows\System32\USER32.dll
0x00007ffafd990000 - 0x00007ffafd9b7000 	C:\Windows\System32\win32u.dll
0x00007ffaff520000 - 0x00007ffaff54b000 	C:\Windows\System32\GDI32.dll
0x00007ffae5ab0000 - 0x00007ffae5ace000 	c:\Users\ACER\.vscode\extensions\redhat.java-1.56.0-win32-x64\jre\21.0.12.1-win32-x86_64\bin\VCRUNTIME140.dll
0x00007ffafd9c0000 - 0x00007ffafdae9000 	C:\Windows\System32\gdi32full.dll
0x00007ffafd8e0000 - 0x00007ffafd983000 	C:\Windows\System32\msvcp_win.dll
0x00007ffaeac40000 - 0x00007ffaeaed2000 	C:\Windows\WinSxS\amd64_microsoft.windows.common-controls_6595b64144ccf1df_6.0.26100.8737_none_3e092eaee333b772\COMCTL32.dll
0x00007ffaff810000 - 0x00007ffaff8b9000 	C:\Windows\System32\msvcrt.dll
0x00007ffaffa10000 - 0x00007ffaffa42000 	C:\Windows\System32\IMM32.DLL
0x00007ffaece30000 - 0x00007ffaece3c000 	c:\Users\ACER\.vscode\extensions\redhat.java-1.56.0-win32-x64\jre\21.0.12.1-win32-x86_64\bin\vcruntime140_1.dll
0x00007ffae5a00000 - 0x00007ffae5a8d000 	c:\Users\ACER\.vscode\extensions\redhat.java-1.56.0-win32-x64\jre\21.0.12.1-win32-x86_64\bin\msvcp140.dll
0x00007ffa6a270000 - 0x00007ffa6b012000 	c:\Users\ACER\.vscode\extensions\redhat.java-1.56.0-win32-x64\jre\21.0.12.1-win32-x86_64\bin\server\jvm.dll
0x00007ffaff8c0000 - 0x00007ffaff977000 	C:\Windows\System32\ADVAPI32.dll
0x00007ffafe320000 - 0x00007ffafe3ca000 	C:\Windows\System32\sechost.dll
0x00007ffafef70000 - 0x00007ffaff088000 	C:\Windows\System32\RPCRT4.dll
0x00007ffaffa70000 - 0x00007ffaffaf0000 	C:\Windows\System32\WS2_32.dll
0x00007ffafd600000 - 0x00007ffafd65e000 	C:\Windows\SYSTEM32\POWRPROF.dll
0x00007ffaf6910000 - 0x00007ffaf6946000 	C:\Windows\SYSTEM32\WINMM.dll
0x00007ffaf6950000 - 0x00007ffaf695b000 	C:\Windows\SYSTEM32\VERSION.dll
0x00007ffafd5c0000 - 0x00007ffafd5d4000 	C:\Windows\SYSTEM32\UMPDC.dll
0x00007ffafc460000 - 0x00007ffafc47b000 	C:\Windows\SYSTEM32\kernel.appcore.dll
0x00007ffaeaac0000 - 0x00007ffaeaaca000 	c:\Users\ACER\.vscode\extensions\redhat.java-1.56.0-win32-x64\jre\21.0.12.1-win32-x86_64\bin\jimage.dll
0x00007ffaeb3b0000 - 0x00007ffaeb5f2000 	C:\Windows\SYSTEM32\DBGHELP.DLL
0x00007ffaff190000 - 0x00007ffaff513000 	C:\Windows\System32\combase.dll
0x00007ffaff730000 - 0x00007ffaff809000 	C:\Windows\System32\OLEAUT32.dll
0x00007ffaf3f30000 - 0x00007ffaf3f6b000 	C:\Windows\SYSTEM32\dbgcore.DLL
0x00007ffafdaf0000 - 0x00007ffafdb9c000 	C:\Windows\System32\bcryptPrimitives.dll
0x00007ffae98b0000 - 0x00007ffae98bf000 	c:\Users\ACER\.vscode\extensions\redhat.java-1.56.0-win32-x64\jre\21.0.12.1-win32-x86_64\bin\instrument.dll
0x00007ffae59e0000 - 0x00007ffae5a00000 	c:\Users\ACER\.vscode\extensions\redhat.java-1.56.0-win32-x64\jre\21.0.12.1-win32-x86_64\bin\java.dll
0x00007ffaffd80000 - 0x00007ffb00512000 	C:\Windows\System32\SHELL32.dll
0x00007ffafb260000 - 0x00007ffafbaf2000 	C:\Windows\SYSTEM32\windows.storage.dll
0x00007ffaff090000 - 0x00007ffaff187000 	C:\Windows\System32\SHCORE.dll
0x00007ffaff980000 - 0x00007ffaff9e7000 	C:\Windows\System32\shlwapi.dll
0x00007ffafd6a0000 - 0x00007ffafd6c9000 	C:\Windows\SYSTEM32\profapi.dll
0x00007ffae58c0000 - 0x00007ffae58d8000 	c:\Users\ACER\.vscode\extensions\redhat.java-1.56.0-win32-x64\jre\21.0.12.1-win32-x86_64\bin\zip.dll
0x00007ffae9930000 - 0x00007ffae9940000 	C:\Users\ACER\.vscode\extensions\redhat.java-1.56.0-win32-x64\jre\21.0.12.1-win32-x86_64\bin\net.dll
0x00007ffaf2fd0000 - 0x00007ffaf30f9000 	C:\Windows\SYSTEM32\WINHTTP.dll
0x00007ffafca10000 - 0x00007ffafca7c000 	C:\Windows\system32\mswsock.dll
0x00007ffae56a0000 - 0x00007ffae56b6000 	C:\Users\ACER\.vscode\extensions\redhat.java-1.56.0-win32-x64\jre\21.0.12.1-win32-x86_64\bin\nio.dll
0x00007ffae8310000 - 0x00007ffae8320000 	c:\Users\ACER\.vscode\extensions\redhat.java-1.56.0-win32-x64\jre\21.0.12.1-win32-x86_64\bin\verify.dll

JVMTI agents:
c:\Users\ACER\.vscode\extensions\redhat.java-1.56.0-win32-x64\lombok\lombok-1.18.39-4050.jar path:c:\Users\ACER\.vscode\extensions\redhat.java-1.56.0-win32-x64\jre\21.0.12.1-win32-x86_64\bin\instrument.dll, loaded, initialized, instrumentlib options:none

dbghelp: loaded successfully - version: 4.0.5 - missing functions: none
symbol engine: initialized successfully - sym options: 0x614 - pdb path: .;c:\Users\ACER\.vscode\extensions\redhat.java-1.56.0-win32-x64\jre\21.0.12.1-win32-x86_64\bin;C:\Windows\SYSTEM32;C:\Windows\WinSxS\amd64_microsoft.windows.common-controls_6595b64144ccf1df_6.0.26100.8737_none_3e092eaee333b772;c:\Users\ACER\.vscode\extensions\redhat.java-1.56.0-win32-x64\jre\21.0.12.1-win32-x86_64\bin\server

VM Arguments:
jvm_args: --add-modules=ALL-SYSTEM --add-opens=java.base/java.util=ALL-UNNAMED --add-opens=java.base/java.lang=ALL-UNNAMED --add-opens=java.base/sun.nio.fs=ALL-UNNAMED -Declipse.application=org.eclipse.jdt.ls.core.id1 -Dosgi.bundles.defaultStartLevel=4 -Declipse.product=org.eclipse.jdt.ls.core.product -Djava.import.generatesMetadataFilesAtProjectRoot=false -Dm2e.project.cache.size=50 -DDetectVMInstallationsJob.disabled=true -Dfile.encoding=utf8 -XX:+UseParallelGC -XX:GCTimeRatio=4 -XX:AdaptiveSizePolicyWeight=90 -Dsun.zip.disableMemoryMapping=true -Xmx2G -Xms100m -Xlog:disable -javaagent:c:\Users\ACER\.vscode\extensions\redhat.java-1.56.0-win32-x64\lombok\lombok-1.18.39-4050.jar -XX:+HeapDumpOnOutOfMemoryError -XX:HeapDumpPath=c:\Users\ACER\AppData\Roaming\Code\User\workspaceStorage\ce63b1d7b09725d05b5ff70fb3df8885\redhat.java -Daether.dependencyCollector.impl=bf 
java_command: c:\Users\ACER\.vscode\extensions\redhat.java-1.56.0-win32-x64\server\plugins\org.eclipse.equinox.launcher_1.8.0.v20260804-1928.jar -configuration c:\Users\ACER\AppData\Roaming\Code\User\globalStorage\redhat.java\1.56.0\config_win -data c:\Users\ACER\AppData\Roaming\Code\User\workspaceStorage\ce63b1d7b09725d05b5ff70fb3df8885\redhat.java\jdt_ws --stdio
java_class_path (initial): c:\Users\ACER\.vscode\extensions\redhat.java-1.56.0-win32-x64\server\plugins\org.eclipse.equinox.launcher_1.8.0.v20260804-1928.jar
Launcher Type: SUN_STANDARD

[Global flags]
    uintx AdaptiveSizePolicyWeight                 = 90                                        {product} {command line}
     intx CICompilerCount                          = 3                                         {product} {ergonomic}
    uintx GCTimeRatio                              = 4                                         {product} {command line}
     bool HeapDumpOnOutOfMemoryError               = true                                   {manageable} {command line}
    ccstr HeapDumpPath                             = c:\Users\ACER\AppData\Roaming\Code\User\workspaceStorage\ce63b1d7b09725d05b5ff70fb3df8885\redhat.java         {manageable} {command line}
   size_t InitialHeapSize                          = 104857600                                 {product} {command line}
   size_t MaxHeapSize                              = 2147483648                                {product} {command line}
   size_t MaxNewSize                               = 715653120                                 {product} {ergonomic}
   size_t MinHeapDeltaBytes                        = 524288                                    {product} {ergonomic}
   size_t MinHeapSize                              = 104857600                                 {product} {command line}
   size_t NewSize                                  = 34603008                                  {product} {ergonomic}
    uintx NonNMethodCodeHeapSize                   = 5832780                                {pd product} {ergonomic}
    uintx NonProfiledCodeHeapSize                  = 122912730                              {pd product} {ergonomic}
   size_t OldSize                                  = 70254592                                  {product} {ergonomic}
    uintx ProfiledCodeHeapSize                     = 122912730                              {pd product} {ergonomic}
    uintx ReservedCodeCacheSize                    = 251658240                              {pd product} {ergonomic}
     bool SegmentedCodeCache                       = true                                      {product} {ergonomic}
   size_t SoftMaxHeapSize                          = 2147483648                             {manageable} {ergonomic}
     bool UseCompressedOops                        = true                           {product lp64_product} {ergonomic}
     bool UseLargePagesIndividualAllocation        = false                                  {pd product} {ergonomic}
     bool UseParallelGC                            = true                                      {product} {command line}

Logging:
Log output configuration:
 #0: stdout all=off uptime,level,tags foldmultilines=false
 #1: stderr all=off uptime,level,tags foldmultilines=false

Release file:
JAVA_VERSION="21.0.12.1" 
MODULES="java.base java.compiler java.datatransfer java.xml java.prefs java.desktop java.instrument java.logging java.management java.security.sasl java.naming java.rmi java.management.rmi java.net.http java.scripting java.security.jgss java.transaction.xa java.sql java.sql.rowset java.xml.crypto java.se java.smartcardio jdk.accessibility jdk.internal.jvmstat jdk.attach jdk.charsets jdk.internal.opt jdk.zipfs jdk.compiler jdk.crypto.ec jdk.crypto.cryptoki jdk.crypto.mscapi jdk.dynalink jdk.internal.ed jdk.editpad jdk.hotspot.agent jdk.httpserver jdk.internal.le jdk.internal.vm.ci jdk.internal.vm.compiler jdk.internal.vm.compiler.management jdk.jartool jdk.javadoc jdk.jcmd jdk.management jdk.management.agent jdk.jconsole jdk.jdeps jdk.jdwp.agent jdk.jdi jdk.jfr jdk.jshell jdk.jsobject jdk.jstatd jdk.localedata jdk.management.jfr jdk.naming.dns jdk.naming.rmi jdk.net jdk.nio.mapmode jdk.random jdk.sctp jdk.security.auth jdk.security.jgss jdk.unsupported jdk.unsupported.desktop jdk.xml.dom" 

Environment Variables:
PATH=C:\Program Files\Common Files\Oracle\Java\javapath;C:\Windows\system32;C:\Windows;C:\Windows\System32\Wbem;C:\Windows\System32\WindowsPowerShell\v1.0\;C:\Windows\System32\OpenSSH\;C:\Program Files\Git\cmd;C:\Program Files\nodejs\;C:\ffmpeg\bin;C:\Program Files (x86)\cloudflared\;C:\Users\ACER\AppData\Local\Microsoft\WindowsApps;C:\Users\ACER\AppData\Local\Programs\Microsoft VS Code\bin;C:\Users\ACER\AppData\Local\Python\bin;C:\Users\ACER\AppData\Roaming\npm;C:\Users\ACER\AppData\Local\Programs\cursor\resources\app\bin
USERNAME=ACER
OS=Windows_NT
PROCESSOR_IDENTIFIER=AMD64 Family 23 Model 24 Stepping 1, AuthenticAMD
TMP=C:\Users\ACER\AppData\Local\Temp
TEMP=C:\Users\ACER\AppData\Local\Temp




Periodic native trim disabled

---------------  S Y S T E M  ---------------

OS:
 Windows 11 , 64 bit Build 26100 (10.0.26100.8737)
OS uptime: 0 days 6:02 hours

CPU: total 4 (initial active 4) (4 cores per cpu, 2 threads per core) family 23 model 24 stepping 1 microcode 0x8108109, cx8, cmov, fxsr, ht, mmx, 3dnowpref, sse, sse2, sse3, ssse3, sse4a, sse4.1, sse4.2, popcnt, lzcnt, tsc, tscinvbit, avx, avx2, aes, clmul, bmi1, bmi2, adx, sha, fma, vzeroupper, clflush, clflushopt, rdtscp, f16c
Processor Information for the first 4 processors :
  Max Mhz: 2600, Current Mhz: 2600, Mhz Limit: 2600

Memory: 4k page, system-wide physical 6081M (432M free)
TotalPageFile size 9390M (AvailPageFile size 0M)
current process WorkingSet (physical memory assigned to process): 90M, peak: 90M
current process commit charge ("private bytes"): 228M, peak: 229M

vm_info: OpenJDK 64-Bit Server VM (21.0.12.1+1-LTS) for windows-amd64 JRE (21.0.12.1+1-LTS), built on 2026-08-18T00:00:00Z by "admin" with MS VC++ 17.12 (VS2022)

END.
